Archive member included to satisfy reference by file (symbol)

D:\stm_work\stm32h743_4in_100Khz_fft\Drivers\CMSIS\DSP\Lib\GCC\libarm_cortexM7lfsp_math.a(arm_rfft_fast_init_f32.o)
                              ./Core/Src/fft.o (arm_rfft_fast_init_f32)
D:\stm_work\stm32h743_4in_100Khz_fft\Drivers\CMSIS\DSP\Lib\GCC\libarm_cortexM7lfsp_math.a(arm_rfft_fast_f32.o)
                              ./Core/Src/fft.o (arm_rfft_fast_f32)
D:\stm_work\stm32h743_4in_100Khz_fft\Drivers\CMSIS\DSP\Lib\GCC\libarm_cortexM7lfsp_math.a(arm_cfft_f32.o)
                              D:\stm_work\stm32h743_4in_100Khz_fft\Drivers\CMSIS\DSP\Lib\GCC\libarm_cortexM7lfsp_math.a(arm_rfft_fast_f32.o) (arm_cfft_f32)
D:\stm_work\stm32h743_4in_100Khz_fft\Drivers\CMSIS\DSP\Lib\GCC\libarm_cortexM7lfsp_math.a(arm_bitreversal2.o)
                              D:\stm_work\stm32h743_4in_100Khz_fft\Drivers\CMSIS\DSP\Lib\GCC\libarm_cortexM7lfsp_math.a(arm_cfft_f32.o) (arm_bitreversal_32)
D:\stm_work\stm32h743_4in_100Khz_fft\Drivers\CMSIS\DSP\Lib\GCC\libarm_cortexM7lfsp_math.a(arm_cmplx_mag_f32.o)
                              ./Core/Src/fft.o (arm_cmplx_mag_f32)
D:\stm_work\stm32h743_4in_100Khz_fft\Drivers\CMSIS\DSP\Lib\GCC\libarm_cortexM7lfsp_math.a(arm_common_tables.o)
                              D:\stm_work\stm32h743_4in_100Khz_fft\Drivers\CMSIS\DSP\Lib\GCC\libarm_cortexM7lfsp_math.a(arm_rfft_fast_init_f32.o) (twiddleCoef_rfft_4096)
D:\stm_work\stm32h743_4in_100Khz_fft\Drivers\CMSIS\DSP\Lib\GCC\libarm_cortexM7lfsp_math.a(arm_cfft_radix8_f32.o)
                              D:\stm_work\stm32h743_4in_100Khz_fft\Drivers\CMSIS\DSP\Lib\GCC\libarm_cortexM7lfsp_math.a(arm_cfft_f32.o) (arm_radix8_butterfly_f32)
C:/ST/STM32CubeIDE_1.18.0/STM32CubeIDE/plugins/com.st.stm32cube.ide.mcu.externaltools.gnu-tools-for-stm32.13.3.rel1.win32_1.0.0.202411081344/tools/bin/../lib/gcc/arm-none-eabi/13.3.1/../../../../arm-none-eabi/lib/thumb/v7e-m+dp/hard\libc_nano.a(libc_a-exit.o)
                              C:/ST/STM32CubeIDE_1.18.0/STM32CubeIDE/plugins/com.st.stm32cube.ide.mcu.externaltools.gnu-tools-for-stm32.13.3.rel1.win32_1.0.0.202411081344/tools/bin/../lib/gcc/arm-none-eabi/13.3.1/../../../../arm-none-eabi/lib/thumb/v7e-m+dp/hard/crt0.o (exit)
C:/ST/STM32CubeIDE_1.18.0/STM32CubeIDE/plugins/com.st.stm32cube.ide.mcu.externaltools.gnu-tools-for-stm32.13.3.rel1.win32_1.0.0.202411081344/tools/bin/../lib/gcc/arm-none-eabi/13.3.1/../../../../arm-none-eabi/lib/thumb/v7e-m+dp/hard\libc_nano.a(libc_a-findfp.o)
                              C:/ST/STM32CubeIDE_1.18.0/STM32CubeIDE/plugins/com.st.stm32cube.ide.mcu.externaltools.gnu-tools-for-stm32.13.3.rel1.win32_1.0.0.202411081344/tools/bin/../lib/gcc/arm-none-eabi/13.3.1/../../../../arm-none-eabi/lib/thumb/v7e-m+dp/hard\libc_nano.a(libc_a-exit.o) (__stdio_exit_handler)
C:/ST/STM32CubeIDE_1.18.0/STM32CubeIDE/plugins/com.st.stm32cube.ide.mcu.externaltools.gnu-tools-for-stm32.13.3.rel1.win32_1.0.0.202411081344/tools/bin/../lib/gcc/arm-none-eabi/13.3.1/../../../../arm-none-eabi/lib/thumb/v7e-m+dp/hard\libc_nano.a(libc_a-fwalk.o)
                              C:/ST/STM32CubeIDE_1.18.0/STM32CubeIDE/plugins/com.st.stm32cube.ide.mcu.externaltools.gnu-tools-for-stm32.13.3.rel1.win32_1.0.0.202411081344/tools/bin/../lib/gcc/arm-none-eabi/13.3.1/../../../../arm-none-eabi/lib/thumb/v7e-m+dp/hard\libc_nano.a(libc_a-findfp.o) (_fwalk_sglue)
C:/ST/STM32CubeIDE_1.18.0/STM32CubeIDE/plugins/com.st.stm32cube.ide.mcu.externaltools.gnu-tools-for-stm32.13.3.rel1.win32_1.0.0.202411081344/tools/bin/../lib/gcc/arm-none-eabi/13.3.1/../../../../arm-none-eabi/lib/thumb/v7e-m+dp/hard\libc_nano.a(libc_a-sprintf.o)
                              ./Core/Src/main.o (sprintf)
C:/ST/STM32CubeIDE_1.18.0/STM32CubeIDE/plugins/com.st.stm32cube.ide.mcu.externaltools.gnu-tools-for-stm32.13.3.rel1.win32_1.0.0.202411081344/tools/bin/../lib/gcc/arm-none-eabi/13.3.1/../../../../arm-none-eabi/lib/thumb/v7e-m+dp/hard\libc_nano.a(libc_a-stdio.o)
                              C:/ST/STM32CubeIDE_1.18.0/STM32CubeIDE/plugins/com.st.stm32cube.ide.mcu.externaltools.gnu-tools-for-stm32.13.3.rel1.win32_1.0.0.202411081344/tools/bin/../lib/gcc/arm-none-eabi/13.3.1/../../../../arm-none-eabi/lib/thumb/v7e-m+dp/hard\libc_nano.a(libc_a-findfp.o) (__sread)
C:/ST/STM32CubeIDE_1.18.0/STM32CubeIDE/plugins/com.st.stm32cube.ide.mcu.externaltools.gnu-tools-for-stm32.13.3.rel1.win32_1.0.0.202411081344/tools/bin/../lib/gcc/arm-none-eabi/13.3.1/../../../../arm-none-eabi/lib/thumb/v7e-m+dp/hard\libc_nano.a(libc_a-memset.o)
                              C:/ST/STM32CubeIDE_1.18.0/STM32CubeIDE/plugins/com.st.stm32cube.ide.mcu.externaltools.gnu-tools-for-stm32.13.3.rel1.win32_1.0.0.202411081344/tools/bin/../lib/gcc/arm-none-eabi/13.3.1/../../../../arm-none-eabi/lib/thumb/v7e-m+dp/hard/crt0.o (memset)
[...]
Memory Configuration

Name             Origin             Length             Attributes
FLASH            0x08000000         0x00200000         xr
DTCMRAM          0x20000000         0x00020000         xrw
RAM_D1           0x24000000         0x00080000         xrw
RAM_D2           0x30000000         0x00048000         xrw
RAM_D3           0x38000000         0x00010000         xrw
ITCMRAM          0x00000000         0x00010000         xrw
*default*        0x00000000         0xffffffff

Linker script and memory map

LOAD C:/ST/STM32CubeIDE_1.18.0/STM32CubeIDE/plugins/com.st.stm32cube.ide.mcu.externaltools.gnu-tools-for-stm32.13.3.rel1.win32_1.0.0.202411081344/tools/bin/../lib/gcc/arm-none-eabi/13.3.1/thumb/v7e-m+dp/hard/crti.o
LOAD C:/ST/STM32CubeIDE_1.18.0/STM32CubeIDE/plugins/com.st.stm32cube.ide.mcu.externaltools.gnu-tools-for-stm32.13.3.rel1.win32_1.0.0.202411081344/tools/bin/../lib/gcc/arm-none-eabi/13.3.1/thumb/v7e-m+dp/hard/crtbegin.o
LOAD C:/ST/STM32CubeIDE_1.18.0/STM32CubeIDE/plugins/com.st.stm32cube.ide.mcu.externaltools.gnu-tools-for-stm32.13.3.rel1.win32_1.0.0.202411081344/tools/bin/../lib/gcc/arm-none-eabi/13.3.1/../../../../arm-none-eabi/lib/thumb/v7e-m+dp/hard/crt0.o
LOAD ./Core/Src/fft.o
LOAD ./Core/Src/hardware.o
LOAD ./Core/Src/main.o
LOAD ./Core/Src/modbus.o
LOAD ./Core/Src/stm32h7xx_hal_msp.o
LOAD ./Core/Src/stm32h7xx_it.o
LOAD ./Core/Src/syscalls.o
LOAD ./Core/Src/sysmem.o
LOAD ./Core/Src/system_stm32h7xx.o
LOAD ./Core/Src/w25qxx_qspi.o
LOAD ./Core/Startup/startup_stm32h743vitx.o
LOAD ./Drivers/STM32H7xx_HAL_Driver/Src/stm32h7xx_hal.o
LOAD ./Drivers/STM32H7xx_HAL_Driver/Src/stm32h7xx_hal_adc.o
LOAD ./Drivers/STM32H7xx_HAL_Driver/Src/stm32h7xx_hal_adc_ex.o
LOAD ./Drivers/STM32H7xx_HAL_Driver/Src/stm32h7xx_hal_cortex.o
LOAD ./Drivers/STM32H7xx_HAL_Driver/Src/stm32h7xx_hal_dma.o
LOAD ./Drivers/STM32H7xx_HAL_Driver/Src/stm32h7xx_hal_dma_ex.o
LOAD ./Drivers/STM32H7xx_HAL_Driver/Src/stm32h7xx_hal_exti.o
LOAD ./Drivers/STM32H7xx_HAL_Driver/Src/stm32h7xx_hal_flash.o
LOAD ./Drivers/STM32H7xx_HAL_Driver/Src/stm32h7xx_hal_flash_ex.o
LOAD ./Drivers/STM32H7xx_HAL_Driver/Src/stm32h7xx_hal_gpio.o
LOAD ./Drivers/STM32H7xx_HAL_Driver/Src/stm32h7xx_hal_hsem.o
LOAD ./Drivers/STM32H7xx_HAL_Driver/Src/stm32h7xx_hal_i2c.o
LOAD ./Drivers/STM32H7xx_HAL_Driver/Src/stm32h7xx_hal_i2c_ex.o
LOAD ./Drivers/STM32H7xx_HAL_Driver/Src/stm32h7xx_hal_mdma.o
LOAD ./Drivers/STM32H7xx_HAL_Driver/Src/stm32h7xx_hal_mmc.o
LOAD ./Drivers/STM32H7xx_HAL_Driver/Src/stm32h7xx_hal_mmc_ex.o
LOAD ./Drivers/STM32H7xx_HAL_Driver/Src/stm32h7xx_hal_pwr.o
LOAD ./Drivers/STM32H7xx_HAL_Driver/Src/stm32h7xx_hal_pwr_ex.o
LOAD ./Drivers/STM32H7xx_HAL_Driver/Src/stm32h7xx_hal_qspi.o
LOAD ./Drivers/STM32H7xx_HAL_Driver/Src/stm32h7xx_hal_rcc.o
LOAD ./Drivers/STM32H7xx_HAL_Driver/Src/stm32h7xx_hal_rcc_ex.o
LOAD ./Drivers/STM32H7xx_HAL_Driver/Src/stm32h7xx_hal_sd.o
LOAD ./Drivers/STM32H7xx_HAL_Driver/Src/stm32h7xx_hal_sd_ex.o
LOAD ./Drivers/STM32H7xx_HAL_Driver/Src/stm32h7xx_hal_tim.o
LOAD ./Drivers/STM32H7xx_HAL_Driver/Src/stm32h7xx_hal_tim_ex.o
LOAD ./Drivers/STM32H7xx_HAL_Driver/Src/stm32h7xx_hal_uart.o
LOAD ./Drivers/STM32H7xx_HAL_Driver/Src/stm32h7xx_hal_uart_ex.o
LOAD ./Drivers/STM32H7xx_HAL_Driver/Src/stm32h7xx_ll_delayblock.o
LOAD ./Drivers/STM32H7xx_HAL_Driver/Src/stm32h7xx_ll_sdmmc.o
LOAD ./FATFS/App/fatfs.o
LOAD ./FATFS/Target/bsp_driver_sd.o
LOAD ./FATFS/Target/sd_diskio.o
LOAD ./Middlewares/Third_Party/FatFs/src/diskio.o
LOAD ./Middlewares/Third_Party/FatFs/src/ff.o
LOAD ./Middlewares/Third_Party/FatFs/src/ff_gen_drv.o
LOAD ./Middlewares/Third_Party/FatFs/src/option/syscall.o
START GROUP
LOAD D:\stm_work\stm32h743_4in_100Khz_fft\Drivers\CMSIS\DSP\Lib\GCC\libarm_cortexM7lfsp_math.a
END GROUP
START GROUP
LOAD C:/ST/STM32CubeIDE_1.18.0/STM32CubeIDE/plugins/com.st.stm32cube.ide.mcu.externaltools.gnu-tools-for-stm32.13.3.rel1.win32_1.0.0.202411081344/tools/bin/../lib/gcc/arm-none-eabi/13.3.1/../../../../arm-none-eabi/lib/thumb/v7e-m+dp/hard\libc_nano.a
LOAD C:/ST/STM32CubeIDE_1.18.0/STM32CubeIDE/plugins/com.st.stm32cube.ide.mcu.externaltools.gnu-tools-for-stm32.13.3.rel1.win32_1.0.0.202411081344/tools/bin/../lib/gcc/arm-none-eabi/13.3.1/../../../../arm-none-eabi/lib/thumb/v7e-m+dp/hard\libm.a
END GROUP
START GROUP
LOAD C:/ST/STM32CubeIDE_1.18.0/STM32CubeIDE/plugins/com.st.stm32cube.ide.mcu.externaltools.gnu-tools-for-stm32.13.3.rel1.win32_1.0.0.202411081344/tools/bin/../lib/gcc/arm-none-eabi/13.3.1/thumb/v7e-m+dp/hard\libgcc.a
LOAD C:/ST/STM32CubeIDE_1.18.0/STM32CubeIDE/plugins/com.st.stm32cube.ide.mcu.externaltools.gnu-tools-for-stm32.13.3.rel1.win32_1.0.0.202411081344/tools/bin/../lib/gcc/arm-none-eabi/13.3.1/../../../../arm-none-eabi/lib/thumb/v7e-m+dp/hard\libc_nano.a
END GROUP
START GROUP
LOAD C:/ST/STM32CubeIDE_1.18.0/STM32CubeIDE/plugins/com.st.stm32cube.ide.mcu.externaltools.gnu-tools-for-stm32.13.3.rel1.win32_1.0.0.202411081344/tools/bin/../lib/gcc/arm-none-eabi/13.3.1/thumb/v7e-m+dp/hard\libgcc.a
LOAD C:/ST/STM32CubeIDE_1.18.0/STM32CubeIDE/plugins/com.st.stm32cube.ide.mcu.externaltools.gnu-tools-for-stm32.13.3.rel1.win32_1.0.0.202411081344/tools/bin/../lib/gcc/arm-none-eabi/13.3.1/../../../../arm-none-eabi/lib/thumb/v7e-m+dp/hard\libc_nano.a
LOAD C:/ST/STM32CubeIDE_1.18.0/STM32CubeIDE/plugins/com.st.stm32cube.ide.mcu.externaltools.gnu-tools-for-stm32.13.3.rel1.win32_1.0.0.202411081344/tools/bin/../lib/gcc/arm-none-eabi/13.3.1/../../../../arm-none-eabi/lib/thumb/v7e-m+dp/hard\libnosys.a
END GROUP
START GROUP
LOAD C:/ST/STM32CubeIDE_1.18.0/STM32CubeIDE/plugins/com.st.stm32cube.ide.mcu.externaltools.gnu-tools-for-stm32.13.3.rel1.win32_1.0.0.202411081344/tools/bin/../lib/gcc/arm-none-eabi/13.3.1/thumb/v7e-m+dp/hard\libgcc.a
LOAD C:/ST/STM32CubeIDE_1.18.0/STM32CubeIDE/plugins/com.st.stm32cube.ide.mcu.externaltools.gnu-tools-for-stm32.13.3.rel1.win32_1.0.0.202411081344/tools/bin/../lib/gcc/arm-none-eabi/13.3.1/../../../../arm-none-eabi/lib/thumb/v7e-m+dp/hard\libc_nano.a
LOAD C:/ST/STM32CubeIDE_1.18.0/STM32CubeIDE/plugins/com.st.stm32cube.ide.mcu.externaltools.gnu-tools-for-stm32.13.3.rel1.win32_1.0.0.202411081344/tools/bin/../lib/gcc/arm-none-eabi/13.3.1/../../../../arm-none-eabi/lib/thumb/v7e-m+dp/hard\libnosys.a
END GROUP
LOAD C:/ST/STM32CubeIDE_1.18.0/STM32CubeIDE/plugins/com.st.stm32cube.ide.mcu.externaltools.gnu-tools-for-stm32.13.3.rel1.win32_1.0.0.202411081344/tools/bin/../lib/gcc/arm-none-eabi/13.3.1/thumb/v7e-m+dp/hard/crtend.o
LOAD C:/ST/STM32CubeIDE_1.18.0/STM32CubeIDE/plugins/com.st.stm32cube.ide.mcu.externaltools.gnu-tools-for-stm32.13.3.rel1.win32_1.0.0.202411081344/tools/bin/../lib/gcc/arm-none-eabi/13.3.1/thumb/v7e-m+dp/hard/crtn.o
                0x24080000                        _estack = (ORIGIN (RAM_D1) + LENGTH (RAM_D1))
                0x00000400                        _Min_Heap_Size = 0x400
                0x00000800                        _Min_Stack_Size = 0x800

.isr_vector     0x08000000      0x298
                0x08000000                        . = ALIGN (0x4)
 *(.isr_vector)
 .isr_vector    0x08000000      0x298 ./Core/Startup/startup_stm32h743vitx.o
                0x08000000                g_pfnVectors
                0x08000298                        . = ALIGN (0x4)

.text           0x080002a0    0x151d8
                0x080002a0                        . = ALIGN (0x4)
 *(.text)
 .text          0x080002a0       0x40 C:/ST/STM32CubeIDE_1.18.0/STM32CubeIDE/plugins/com.st.stm32cube.ide.mcu.externaltools.gnu-tools-for-stm32.13.3.rel1.win32_1.0.0.202411081344/tools/bin/../lib/gcc/arm-none-eabi/13.3.1/thumb/v7e-m+dp/hard/crtbegin.o
 .text          0x080002e0       0xa0 C:/ST/STM32CubeIDE_1.18.0/STM32CubeIDE/plugins/com.st.stm32cube.ide.mcu.externaltools.gnu-tools-for-stm32.13.3.rel1.win32_1.0.0.202411081344/tools/bin/../lib/gcc/arm-none-eabi/13.3.1/../../../../arm-none-eabi/lib/thumb/v7e-m+dp/hard\libc_nano.a(libc_a-memchr.o)
                0x080002e0                memchr
 .text          0x08000380       0x30 C:/ST/STM32CubeIDE_1.18.0/STM32CubeIDE/plugins/com.st.stm32cube.ide.mcu.externaltools.gnu-tools-for-stm32.13.3.rel1.win32_1.0.0.202411081344/tools/bin/../lib/gcc/arm-none-eabi/13.3.1/thumb/v7e-m+dp/hard\libgcc.a(_aeabi_uldivmod.o)
                0x08000380                __aeabi_uldivmod
 .text          0x080003b0      0x2f8 C:/ST/STM32CubeIDE_1.18.0/STM32CubeIDE/plugins/com.st.stm32cube.ide.mcu.externaltools.gnu-tools-for-stm32.13.3.rel1.win32_1.0.0.202411081344/tools/bin/../lib/gcc/arm-none-eabi/13.3.1/thumb/v7e-m+dp/hard\libgcc.a(_udivmoddi4.o)
                0x080003b0                __udivmoddi4
 .text          0x080006a8        0x4 C:/ST/STM32CubeIDE_1.18.0/STM32CubeIDE/plugins/com.st.stm32cube.ide.mcu.externaltools.gnu-tools-for-stm32.13.3.rel1.win32_1.0.0.202411081344/tools/bin/../lib/gcc/arm-none-eabi/13.3.1/thumb/v7e-m+dp/hard\libgcc.a(_dvmd_tls.o)
                0x080006a8                __aeabi_idiv0
                0x080006a8                __aeabi_ldiv0
 *(.text*)
 .text.FFT_Timer_Proc
                0x080006ac      0x118 ./Core/Src/fft.o
                0x080006ac                FFT_Timer_Proc
 .text.FFT_Buff_Init
                0x080007c4       0xe8 ./Core/Src/fft.o
                0x080007c4                FFT_Buff_Init
 .text.FFT_Peak_Detect
                0x080008ac      0x21c ./Core/Src/fft.o
                0x080008ac                FFT_Peak_Detect
 .text.FFT_Proc
                0x08000ac8       0x8c ./Core/Src/fft.o
                0x08000ac8                FFT_Proc
 .text.Timer_Ms_Ticks_Proc
                0x08000b54       0x5c ./Core/Src/hardware.o
                0x08000b54                Timer_Ms_Ticks_Proc
 .text.GPIO_DIP_SW_Input
                0x08000bb0      0x1a8 ./Core/Src/hardware.o
                0x08000bb0                GPIO_DIP_SW_Input
 .text.Uart1ReadQueue
                0x08000d58       0x90 ./Core/Src/main.o
                0x08000d58                Uart1ReadQueue
 .text.main     0x08000de8      0x434 ./Core/Src/main.o
                0x08000de8                main
 .text.SystemClock_Config
                0x0800121c      0x15c ./Core/Src/main.o
                0x0800121c                SystemClock_Config
 .text.MX_ADC1_Init
                0x08001378      0x160 ./Core/Src/main.o
 .text.MX_QUADSPI_Init
                0x080014d8       0x58 ./Core/Src/main.o
 .text.MX_SDMMC1_SD_Init
                0x08001530       0x3c ./Core/Src/main.o
 .text.MX_TIM6_Init
                0x0800156c       0x6c ./Core/Src/main.o
 .text.MX_TIM7_Init
                0x080015d8       0x70 ./Core/Src/main.o
 .text.MX_USART1_UART_Init
                0x08001648       0x98 ./Core/Src/main.o
 .text.MX_USART3_UART_Init
                0x080016e0       0x98 ./Core/Src/main.o
 .text.MX_DMA_Init
                0x08001778       0x40 ./Core/Src/main.o
 .text.MX_GPIO_Init
                0x080017b8      0x14c ./Core/Src/main.o
 .text.HAL_ADC_ConvCpltCallback
                0x08001904      0x1b4 ./Core/Src/main.o
                0x08001904                HAL_ADC_ConvCpltCallback
 .text.HAL_UART_RxCpltCallback
                0x08001ab8       0x5c ./Core/Src/main.o
                0x08001ab8                HAL_UART_RxCpltCallback
 .text.HAL_UART_TxCpltCallback
                0x08001b14       0x68 ./Core/Src/main.o
                0x08001b14                HAL_UART_TxCpltCallback
 .text.HAL_TIM_PeriodElapsedCallback
                0x08001b7c       0x14 ./Core/Src/main.o
                0x08001b7c                HAL_TIM_PeriodElapsedCallback
 .text.MPU_Config
                0x08001b90       0x8e ./Core/Src/main.o
 .text.Error_Handler
                0x08001c1e        0xc ./Core/Src/main.o
                0x08001c1e                Error_Handler
 *fill*         0x08001c2a        0x2 
 .text.GetCRC   0x08001c2c       0x94 ./Core/Src/modbus.o
                0x08001c2c                GetCRC
 .text.Remote_SendPackage
                0x08001cc0       0xc4 ./Core/Src/modbus.o
                0x08001cc0                Remote_SendPackage
 .text.Remote_SendErrPackage
                0x08001d84       0xc8 ./Core/Src/modbus.o
                0x08001d84                Remote_SendErrPackage
 .text.CopyRxBuff
                0x08001e4c       0x50 ./Core/Src/modbus.o
                0x08001e4c                CopyRxBuff
 .text.Remote_Proc_0x03
                0x08001e9c      0x310 ./Core/Src/modbus.o
                0x08001e9c                Remote_Proc_0x03
 .text.Remote_Proc_0x10
                0x080021ac      0x1e4 ./Core/Src/modbus.o
                0x080021ac                Remote_Proc_0x10
 .text.Remote_IRxProc
                0x08002390      0x124 ./Core/Src/modbus.o
                0x08002390                Remote_IRxProc
 .text.MODBUS_RX_PROCESS
                0x080024b4       0x90 ./Core/Src/modbus.o
                0x080024b4                MODBUS_RX_PROCESS
 .text.HAL_MspInit
                0x08002544       0x34 ./Core/Src/stm32h7xx_hal_msp.o
                0x08002544                HAL_MspInit
 .text.HAL_ADC_MspInit
                0x08002578      0x1a0 ./Core/Src/stm32h7xx_hal_msp.o
                0x08002578                HAL_ADC_MspInit
 .text.HAL_QSPI_MspInit
                0x08002718      0x194 ./Core/Src/stm32h7xx_hal_msp.o
                0x08002718                HAL_QSPI_MspInit
 .text.HAL_SD_MspInit
                0x080028ac      0x11c ./Core/Src/stm32h7xx_hal_msp.o
                0x080028ac                HAL_SD_MspInit
 .text.HAL_TIM_Base_MspInit
                0x080029c8       0x80 ./Core/Src/stm32h7xx_hal_msp.o
                0x080029c8                HAL_TIM_Base_MspInit
 .text.HAL_UART_MspInit
                0x08002a48      0x194 ./Core/Src/stm32h7xx_hal_msp.o
                0x08002a48                HAL_UART_MspInit
 .text.NMI_Handler
                0x08002bdc        0x8 ./Core/Src/stm32h7xx_it.o
                0x08002bdc                NMI_Handler
 .text.HardFault_Handler
                0x08002be4        0x8 ./Core/Src/stm32h7xx_it.o
                0x08002be4                HardFault_Handler
 .text.MemManage_Handler
                0x08002bec        0x8 ./Core/Src/stm32h7xx_it.o
                0x08002bec                MemManage_Handler
 .text.BusFault_Handler
                0x08002bf4        0x8 ./Core/Src/stm32h7xx_it.o
                0x08002bf4                BusFault_Handler
 .text.UsageFault_Handler
                0x08002bfc        0x8 ./Core/Src/stm32h7xx_it.o
                0x08002bfc                UsageFault_Handler
 .text.SVC_Handler
                0x08002c04        0xe ./Core/Src/stm32h7xx_it.o
                0x08002c04                SVC_Handler
 .text.DebugMon_Handler
                0x08002c12        0xe ./Core/Src/stm32h7xx_it.o
                0x08002c12                DebugMon_Handler
 .text.PendSV_Handler
                0x08002c20        0xe ./Core/Src/stm32h7xx_it.o
                0x08002c20                PendSV_Handler
 .text.SysTick_Handler
                0x08002c2e       0x10 ./Core/Src/stm32h7xx_it.o
                0x08002c2e                SysTick_Handler
 *fill*         0x08002c3e        0x2 
 .text.DMA1_Stream0_IRQHandler
                0x08002c40       0x14 ./Core/Src/stm32h7xx_it.o
                0x08002c40                DMA1_Stream0_IRQHandler
 .text.ADC_IRQHandler
                0x08002c54       0x14 ./Core/Src/stm32h7xx_it.o
                0x08002c54                ADC_IRQHandler
 .text.USART1_IRQHandler
                0x08002c68       0x14 ./Core/Src/stm32h7xx_it.o
                0x08002c68                USART1_IRQHandler
 .text.USART3_IRQHandler
                0x08002c7c       0x14 ./Core/Src/stm32h7xx_it.o
                0x08002c7c                USART3_IRQHandler
 .text.TIM7_IRQHandler
                0x08002c90       0x14 ./Core/Src/stm32h7xx_it.o
                0x08002c90                TIM7_IRQHandler
 .text._sbrk    0x08002ca4       0x6c ./Core/Src/sysmem.o
                0x08002ca4                _sbrk
 .text.SystemInit
                0x08002d10      0x110 ./Core/Src/system_stm32h7xx.o
                0x08002d10                SystemInit
 .text.Reset_Handler
                0x08002e20       0x50 ./Core/Startup/startup_stm32h743vitx.o
                0x08002e20                Reset_Handler
 .text.Default_Handler
                0x08002e70        0x2 ./Core/Startup/startup_stm32h743vitx.o
                0x08002e70                RTC_Alarm_IRQHandler
                0x08002e70                EXTI2_IRQHandler
                0x08002e70                TIM8_CC_IRQHandler
                0x08002e70                HRTIM1_Master_IRQHandler
                0x08002e70                UART8_IRQHandler
                0x08002e70                SPI4_IRQHandler
                0x08002e70                TIM1_CC_IRQHandler
                0x08002e70                BDMA_Channel6_IRQHandler
                0x08002e70                DMA2_Stream5_IRQHandler
                0x08002e70                HRTIM1_FLT_IRQHandler
                0x08002e70                JPEG_IRQHandler
                0x08002e70                DMA1_Stream5_IRQHandler
                0x08002e70                BDMA_Channel1_IRQHandler
                0x08002e70                HRTIM1_TIMD_IRQHandler
                0x08002e70                TAMP_STAMP_IRQHandler
                0x08002e70                EXTI3_IRQHandler
                0x08002e70                LPTIM4_IRQHandler
                0x08002e70                TIM8_TRG_COM_TIM14_IRQHandler
                0x08002e70                LPTIM2_IRQHandler
                0x08002e70                DFSDM1_FLT1_IRQHandler
                0x08002e70                DMAMUX2_OVR_IRQHandler
                0x08002e70                TIM8_UP_TIM13_IRQHandler
                0x08002e70                I2C3_ER_IRQHandler
                0x08002e70                DFSDM1_FLT2_IRQHandler
                0x08002e70                MDMA_IRQHandler
                0x08002e70                LPTIM3_IRQHandler
                0x08002e70                HSEM1_IRQHandler
                0x08002e70                EXTI0_IRQHandler
                0x08002e70                I2C2_EV_IRQHandler
                0x08002e70                DMA1_Stream2_IRQHandler
                0x08002e70                FPU_IRQHandler
                0x08002e70                OTG_HS_WKUP_IRQHandler
                0x08002e70                FDCAN1_IT1_IRQHandler
                0x08002e70                LTDC_ER_IRQHandler
                0x08002e70                DMA2_Stream2_IRQHandler
                0x08002e70                HRTIM1_TIME_IRQHandler
                0x08002e70                SPI1_IRQHandler
                0x08002e70                TIM6_DAC_IRQHandler
                0x08002e70                DCMI_IRQHandler
                0x08002e70                HRTIM1_TIMC_IRQHandler
                0x08002e70                DMA2_Stream3_IRQHandler
                0x08002e70                SAI2_IRQHandler
                0x08002e70                DFSDM1_FLT3_IRQHandler
                0x08002e70                USART6_IRQHandler
                0x08002e70                TIM17_IRQHandler
                0x08002e70                BDMA_Channel7_IRQHandler
                0x08002e70                LPTIM5_IRQHandler
                0x08002e70                UART5_IRQHandler
                0x08002e70                ADC3_IRQHandler
                0x08002e70                DMA2_Stream0_IRQHandler
                0x08002e70                TIM4_IRQHandler
                0x08002e70                BDMA_Channel2_IRQHandler
                0x08002e70                QUADSPI_IRQHandler
                0x08002e70                I2C1_EV_IRQHandler
                0x08002e70                DMA1_Stream6_IRQHandler
                0x08002e70                DMAMUX1_OVR_IRQHandler
                0x08002e70                DMA1_Stream1_IRQHandler
                0x08002e70                TIM16_IRQHandler
                0x08002e70                UART4_IRQHandler
                0x08002e70                BDMA_Channel5_IRQHandler
                0x08002e70                TIM3_IRQHandler
                0x08002e70                RCC_IRQHandler
                0x08002e70                TIM8_BRK_TIM12_IRQHandler
                0x08002e70                TIM1_TRG_COM_IRQHandler
                0x08002e70                Default_Handler
                0x08002e70                ECC_IRQHandler
                0x08002e70                CEC_IRQHandler
                0x08002e70                EXTI15_10_IRQHandler
                0x08002e70                BDMA_Channel0_IRQHandler
                0x08002e70                DMA1_Stream7_IRQHandler
                0x08002e70                HRTIM1_TIMA_IRQHandler
                0x08002e70                SPI5_IRQHandler
                0x08002e70                SDMMC1_IRQHandler
                0x08002e70                TIM5_IRQHandler
                0x08002e70                DMA2_Stream7_IRQHandler
                0x08002e70                TIM15_IRQHandler
                0x08002e70                PVD_AVD_IRQHandler
                0x08002e70                I2C3_EV_IRQHandler
                0x08002e70                EXTI9_5_IRQHandler
                0x08002e70                RTC_WKUP_IRQHandler
                0x08002e70                LTDC_IRQHandler
                0x08002e70                SAI3_IRQHandler
                0x08002e70                ETH_WKUP_IRQHandler
                0x08002e70                SPDIF_RX_IRQHandler
                0x08002e70                SPI2_IRQHandler
                0x08002e70                OTG_HS_EP1_IN_IRQHandler
                0x08002e70                CRS_IRQHandler
                0x08002e70                EXTI4_IRQHandler
                0x08002e70                RNG_IRQHandler
                0x08002e70                HRTIM1_TIMB_IRQHandler
                0x08002e70                FDCAN2_IT1_IRQHandler
                0x08002e70                ETH_IRQHandler
                0x08002e70                TIM1_UP_IRQHandler
                0x08002e70                BDMA_Channel4_IRQHandler
                0x08002e70                OTG_HS_EP1_OUT_IRQHandler
                0x08002e70                WWDG_IRQHandler
                0x08002e70                SPI6_IRQHandler
                0x08002e70                MDIOS_IRQHandler
                0x08002e70                I2C4_EV_IRQHandler
                0x08002e70                FDCAN2_IT0_IRQHandler
                0x08002e70                LPUART1_IRQHandler
                0x08002e70                FDCAN1_IT0_IRQHandler
                0x08002e70                TIM2_IRQHandler
                0x08002e70                OTG_FS_WKUP_IRQHandler
                0x08002e70                OTG_HS_IRQHandler
                0x08002e70                DMA2D_IRQHandler
                0x08002e70                TIM1_BRK_IRQHandler
                0x08002e70                EXTI1_IRQHandler
                0x08002e70                SDMMC2_IRQHandler
                0x08002e70                OTG_FS_EP1_OUT_IRQHandler
                0x08002e70                BDMA_Channel3_IRQHandler
                0x08002e70                UART7_IRQHandler
                0x08002e70                MDIOS_WKUP_IRQHandler
                0x08002e70                USART2_IRQHandler
                0x08002e70                DFSDM1_FLT0_IRQHandler
                0x08002e70                SAI4_IRQHandler
                0x08002e70                I2C2_ER_IRQHandler
                0x08002e70                DMA2_Stream1_IRQHandler
                0x08002e70                FLASH_IRQHandler
                0x08002e70                DMA2_Stream4_IRQHandler
                0x08002e70                OTG_FS_IRQHandler
                0x08002e70                SPI3_IRQHandler
                0x08002e70                WAKEUP_PIN_IRQHandler
                0x08002e70                DMA1_Stream4_IRQHandler
                0x08002e70                OTG_FS_EP1_IN_IRQHandler
                0x08002e70                I2C1_ER_IRQHandler
                0x08002e70                FMC_IRQHandler
                0x08002e70                FDCAN_CAL_IRQHandler
                0x08002e70                SWPMI1_IRQHandler
                0x08002e70                COMP1_IRQHandler
                0x08002e70                LPTIM1_IRQHandler
                0x08002e70                I2C4_ER_IRQHandler
                0x08002e70                DMA2_Stream6_IRQHandler
                0x08002e70                SAI1_IRQHandler
                0x08002e70                DMA1_Stream3_IRQHandler
 *fill*         0x08002e72        0x2 
 .text.HAL_Init
                0x08002e74       0x78 ./Drivers/STM32H7xx_HAL_Driver/Src/stm32h7xx_hal.o
                0x08002e74                HAL_Init
 .text.HAL_InitTick
                0x08002eec       0x6c ./Drivers/STM32H7xx_HAL_Driver/Src/stm32h7xx_hal.o
                0x08002eec                HAL_InitTick
 .text.HAL_IncTick
                0x08002f58       0x28 ./Drivers/STM32H7xx_HAL_Driver/Src/stm32h7xx_hal.o
                0x08002f58                HAL_IncTick
 .text.HAL_GetTick
                0x08002f80       0x18 ./Drivers/STM32H7xx_HAL_Driver/Src/stm32h7xx_hal.o
                0x08002f80                HAL_GetTick
 .text.HAL_Delay
                0x08002f98       0x48 ./Drivers/STM32H7xx_HAL_Driver/Src/stm32h7xx_hal.o
                0x08002f98                HAL_Delay
 .text.HAL_GetREVID
                0x08002fe0       0x18 ./Drivers/STM32H7xx_HAL_Driver/Src/stm32h7xx_hal.o
                0x08002fe0                HAL_GetREVID
 .text.LL_ADC_SetCommonClock
                0x08002ff8       0x26 ./Drivers/STM32H7xx_HAL_Driver/Src/stm32h7xx_hal_adc.o
 .text.LL_ADC_SetCommonPathInternalCh
                0x0800301e       0x26 ./Drivers/STM32H7xx_HAL_Driver/Src/stm32h7xx_hal_adc.o
 .text.LL_ADC_GetCommonPathInternalCh
                0x08003044       0x1c ./Drivers/STM32H7xx_HAL_Driver/Src/stm32h7xx_hal_adc.o
 .text.LL_ADC_SetOffset
                0x08003060       0x40 ./Drivers/STM32H7xx_HAL_Driver/Src/stm32h7xx_hal_adc.o
 .text.LL_ADC_SetDataRightShift
                0x080030a0       0x32 ./Drivers/STM32H7xx_HAL_Driver/Src/stm32h7xx_hal_adc.o
 .text.LL_ADC_SetOffsetSignedSaturation
                0x080030d2       0x36 ./Drivers/STM32H7xx_HAL_Driver/Src/stm32h7xx_hal_adc.o
 .text.LL_ADC_REG_IsTriggerSourceSWStart
                0x08003108       0x26 ./Drivers/STM32H7xx_HAL_Driver/Src/stm32h7xx_hal_adc.o
 .text.LL_ADC_REG_SetSequencerRanks
                0x0800312e       0x58 ./Drivers/STM32H7xx_HAL_Driver/Src/stm32h7xx_hal_adc.o
 .text.LL_ADC_REG_SetDataTransferMode
                0x08003186       0x26 ./Drivers/STM32H7xx_HAL_Driver/Src/stm32h7xx_hal_adc.o
 .text.LL_ADC_INJ_IsTriggerSourceSWStart
                0x080031ac       0x26 ./Drivers/STM32H7xx_HAL_Driver/Src/stm32h7xx_hal_adc.o
 .text.LL_ADC_SetChannelSamplingTime
                0x080031d2       0x56 ./Drivers/STM32H7xx_HAL_Driver/Src/stm32h7xx_hal_adc.o
 .text.LL_ADC_SetChannelSingleDiff
                0x08003228       0x48 ./Drivers/STM32H7xx_HAL_Driver/Src/stm32h7xx_hal_adc.o
 .text.LL_ADC_GetMultimode
                0x08003270       0x1c ./Drivers/STM32H7xx_HAL_Driver/Src/stm32h7xx_hal_adc.o
 .text.LL_ADC_GetMultiDMATransfer
                0x0800328c       0x1c ./Drivers/STM32H7xx_HAL_Driver/Src/stm32h7xx_hal_adc.o
 .text.LL_ADC_DisableDeepPowerDown
                0x080032a8       0x24 ./Drivers/STM32H7xx_HAL_Driver/Src/stm32h7xx_hal_adc.o
 .text.LL_ADC_IsDeepPowerDownEnabled
                0x080032cc       0x28 ./Drivers/STM32H7xx_HAL_Driver/Src/stm32h7xx_hal_adc.o
 .text.LL_ADC_EnableInternalRegulator
                0x080032f4       0x28 ./Drivers/STM32H7xx_HAL_Driver/Src/stm32h7xx_hal_adc.o
 .text.LL_ADC_IsInternalRegulatorEnabled
                0x0800331c       0x28 ./Drivers/STM32H7xx_HAL_Driver/Src/stm32h7xx_hal_adc.o
 .text.LL_ADC_Enable
                0x08003344       0x28 ./Drivers/STM32H7xx_HAL_Driver/Src/stm32h7xx_hal_adc.o
 .text.LL_ADC_Disable
                0x0800336c       0x28 ./Drivers/STM32H7xx_HAL_Driver/Src/stm32h7xx_hal_adc.o
 .text.LL_ADC_IsEnabled
                0x08003394       0x26 ./Drivers/STM32H7xx_HAL_Driver/Src/stm32h7xx_hal_adc.o
 .text.LL_ADC_IsDisableOngoing
                0x080033ba       0x26 ./Drivers/STM32H7xx_HAL_Driver/Src/stm32h7xx_hal_adc.o
 .text.LL_ADC_REG_StartConversion
                0x080033e0       0x28 ./Drivers/STM32H7xx_HAL_Driver/Src/stm32h7xx_hal_adc.o
 .text.LL_ADC_REG_IsConversionOngoing
                0x08003408       0x26 ./Drivers/STM32H7xx_HAL_Driver/Src/stm32h7xx_hal_adc.o
 .text.LL_ADC_INJ_IsConversionOngoing
                0x0800342e       0x26 ./Drivers/STM32H7xx_HAL_Driver/Src/stm32h7xx_hal_adc.o
 .text.HAL_ADC_Init
                0x08003454      0x344 ./Drivers/STM32H7xx_HAL_Driver/Src/stm32h7xx_hal_adc.o
                0x08003454                HAL_ADC_Init
 .text.HAL_ADC_Start_DMA
                0x08003798      0x188 ./Drivers/STM32H7xx_HAL_Driver/Src/stm32h7xx_hal_adc.o
                0x08003798                HAL_ADC_Start_DMA
 .text.HAL_ADC_IRQHandler
                0x08003920      0x474 ./Drivers/STM32H7xx_HAL_Driver/Src/stm32h7xx_hal_adc.o
                0x08003920                HAL_ADC_IRQHandler
 .text.HAL_ADC_ConvHalfCpltCallback
                0x08003d94       0x14 ./Drivers/STM32H7xx_HAL_Driver/Src/stm32h7xx_hal_adc.o
                0x08003d94                HAL_ADC_ConvHalfCpltCallback
 .text.HAL_ADC_LevelOutOfWindowCallback
                0x08003da8       0x14 ./Drivers/STM32H7xx_HAL_Driver/Src/stm32h7xx_hal_adc.o
                0x08003da8                HAL_ADC_LevelOutOfWindowCallback
 .text.HAL_ADC_ErrorCallback
                0x08003dbc       0x14 ./Drivers/STM32H7xx_HAL_Driver/Src/stm32h7xx_hal_adc.o
                0x08003dbc                HAL_ADC_ErrorCallback
 .text.HAL_ADC_ConfigChannel
                0x08003dd0      0x6b8 ./Drivers/STM32H7xx_HAL_Driver/Src/stm32h7xx_hal_adc.o
                0x08003dd0                HAL_ADC_ConfigChannel
 .text.ADC_Enable
                0x08004488      0x114 ./Drivers/STM32H7xx_HAL_Driver/Src/stm32h7xx_hal_adc.o
                0x08004488                ADC_Enable
 .text.ADC_Disable
                0x0800459c       0xbe ./Drivers/STM32H7xx_HAL_Driver/Src/stm32h7xx_hal_adc.o
                0x0800459c                ADC_Disable
 .text.ADC_DMAConvCplt
                0x0800465a       0xd8 ./Drivers/STM32H7xx_HAL_Driver/Src/stm32h7xx_hal_adc.o
                0x0800465a                ADC_DMAConvCplt
 .text.ADC_DMAHalfConvCplt
                0x08004732       0x1c ./Drivers/STM32H7xx_HAL_Driver/Src/stm32h7xx_hal_adc.o
                0x08004732                ADC_DMAHalfConvCplt
 .text.ADC_DMAError
                0x0800474e       0x34 ./Drivers/STM32H7xx_HAL_Driver/Src/stm32h7xx_hal_adc.o
                0x0800474e                ADC_DMAError
 *fill*         0x08004782        0x2 
 .text.ADC_ConfigureBoostMode
                0x08004784      0x218 ./Drivers/STM32H7xx_HAL_Driver/Src/stm32h7xx_hal_adc.o
                0x08004784                ADC_ConfigureBoostMode
 .text.LL_ADC_IsEnabled
                0x0800499c       0x26 ./Drivers/STM32H7xx_HAL_Driver/Src/stm32h7xx_hal_adc_ex.o
 *fill*         0x080049c2        0x2 
 .text.LL_ADC_StartCalibration
                0x080049c4       0x3c ./Drivers/STM32H7xx_HAL_Driver/Src/stm32h7xx_hal_adc_ex.o
 .text.LL_ADC_IsCalibrationOnGoing
                0x08004a00       0x28 ./Drivers/STM32H7xx_HAL_Driver/Src/stm32h7xx_hal_adc_ex.o
 .text.LL_ADC_REG_IsConversionOngoing
                0x08004a28       0x26 ./Drivers/STM32H7xx_HAL_Driver/Src/stm32h7xx_hal_adc_ex.o
 *fill*         0x08004a4e        0x2 
 .text.HAL_ADCEx_Calibration_Start
                0x08004a50       0xc8 ./Drivers/STM32H7xx_HAL_Driver/Src/stm32h7xx_hal_adc_ex.o
                0x08004a50                HAL_ADCEx_Calibration_Start
 .text.HAL_ADCEx_InjectedConvCpltCallback
                0x08004b18       0x14 ./Drivers/STM32H7xx_HAL_Driver/Src/stm32h7xx_hal_adc_ex.o
                0x08004b18                HAL_ADCEx_InjectedConvCpltCallback
 .text.HAL_ADCEx_InjectedQueueOverflowCallback
                0x08004b2c       0x14 ./Drivers/STM32H7xx_HAL_Driver/Src/stm32h7xx_hal_adc_ex.o
                0x08004b2c                HAL_ADCEx_InjectedQueueOverflowCallback
 .text.HAL_ADCEx_LevelOutOfWindow2Callback
                0x08004b40       0x14 ./Drivers/STM32H7xx_HAL_Driver/Src/stm32h7xx_hal_adc_ex.o
                0x08004b40                HAL_ADCEx_LevelOutOfWindow2Callback
 .text.HAL_ADCEx_LevelOutOfWindow3Callback
                0x08004b54       0x14 ./Drivers/STM32H7xx_HAL_Driver/Src/stm32h7xx_hal_adc_ex.o
                0x08004b54                HAL_ADCEx_LevelOutOfWindow3Callback
 .text.HAL_ADCEx_EndOfSamplingCallback
                0x08004b68       0x14 ./Drivers/STM32H7xx_HAL_Driver/Src/stm32h7xx_hal_adc_ex.o
                0x08004b68                HAL_ADCEx_EndOfSamplingCallback
 .text.HAL_ADCEx_MultiModeConfigChannel
                0x08004b7c      0x1bc ./Drivers/STM32H7xx_HAL_Driver/Src/stm32h7xx_hal_adc_ex.o
                0x08004b7c                HAL_ADCEx_MultiModeConfigChannel
 .text.__NVIC_SetPriorityGrouping
                0x08004d38       0x48 ./Drivers/STM32H7xx_HAL_Driver/Src/stm32h7xx_hal_cortex.o
 .text.__NVIC_GetPriorityGrouping
                0x08004d80       0x1c ./Drivers/STM32H7xx_HAL_Driver/Src/stm32h7xx_hal_cortex.o
 .text.__NVIC_EnableIRQ
                0x08004d9c       0x3c ./Drivers/STM32H7xx_HAL_Driver/Src/stm32h7xx_hal_cortex.o
 .text.__NVIC_SetPriority
                0x08004dd8       0x54 ./Drivers/STM32H7xx_HAL_Driver/Src/stm32h7xx_hal_cortex.o
 .text.NVIC_EncodePriority
                0x08004e2c       0x66 ./Drivers/STM32H7xx_HAL_Driver/Src/stm32h7xx_hal_cortex.o
 *fill*         0x08004e92        0x2 
 .text.SysTick_Config
                0x08004e94       0x44 ./Drivers/STM32H7xx_HAL_Driver/Src/stm32h7xx_hal_cortex.o
 .text.HAL_NVIC_SetPriorityGrouping
                0x08004ed8       0x16 ./Drivers/STM32H7xx_HAL_Driver/Src/stm32h7xx_hal_cortex.o
                0x08004ed8                HAL_NVIC_SetPriorityGrouping
 .text.HAL_NVIC_SetPriority
                0x08004eee       0x34 ./Drivers/STM32H7xx_HAL_Driver/Src/stm32h7xx_hal_cortex.o
                0x08004eee                HAL_NVIC_SetPriority
 .text.HAL_NVIC_EnableIRQ
                0x08004f22       0x1c ./Drivers/STM32H7xx_HAL_Driver/Src/stm32h7xx_hal_cortex.o
                0x08004f22                HAL_NVIC_EnableIRQ
 .text.HAL_SYSTICK_Config
                0x08004f3e       0x18 ./Drivers/STM32H7xx_HAL_Driver/Src/stm32h7xx_hal_cortex.o
                0x08004f3e                HAL_SYSTICK_Config
 *fill*         0x08004f56        0x2 
 .text.HAL_MPU_Disable
                0x08004f58       0x30 ./Drivers/STM32H7xx_HAL_Driver/Src/stm32h7xx_hal_cortex.o
                0x08004f58                HAL_MPU_Disable
 .text.HAL_MPU_Enable
                0x08004f88       0x40 ./Drivers/STM32H7xx_HAL_Driver/Src/stm32h7xx_hal_cortex.o
                0x08004f88                HAL_MPU_Enable
 .text.HAL_MPU_ConfigRegion
                0x08004fc8       0x80 ./Drivers/STM32H7xx_HAL_Driver/Src/stm32h7xx_hal_cortex.o
                0x08004fc8                HAL_MPU_ConfigRegion
 .text.HAL_DMA_Init
                0x08005048      0x6b8 ./Drivers/STM32H7xx_HAL_Driver/Src/stm32h7xx_hal_dma.o
                0x08005048                HAL_DMA_Init
 .text.HAL_DMA_Start_IT
                0x08005700      0x4d4 ./Drivers/STM32H7xx_HAL_Driver/Src/stm32h7xx_hal_dma.o
                0x08005700                HAL_DMA_Start_IT
 .text.HAL_DMA_Abort
                0x08005bd4      0x63c ./Drivers/STM32H7xx_HAL_Driver/Src/stm32h7xx_hal_dma.o
                0x08005bd4                HAL_DMA_Abort
 .text.HAL_DMA_Abort_IT
                0x08006210      0x48c ./Drivers/STM32H7xx_HAL_Driver/Src/stm32h7xx_hal_dma.o
                0x08006210                HAL_DMA_Abort_IT
 .text.HAL_DMA_IRQHandler
                0x0800669c      0xe54 ./Drivers/STM32H7xx_HAL_Driver/Src/stm32h7xx_hal_dma.o
                0x0800669c                HAL_DMA_IRQHandler
 .text.DMA_SetConfig
                0x080074f0      0x358 ./Drivers/STM32H7xx_HAL_Driver/Src/stm32h7xx_hal_dma.o
 .text.DMA_CalcBaseAndBitshift
                0x08007848      0x164 ./Drivers/STM32H7xx_HAL_Driver/Src/stm32h7xx_hal_dma.o
 .text.DMA_CheckFifoParam
                0x080079ac       0xf8 ./Drivers/STM32H7xx_HAL_Driver/Src/stm32h7xx_hal_dma.o
 .text.DMA_CalcDMAMUXChannelBaseAndMask
                0x08007aa4      0x134 ./Drivers/STM32H7xx_HAL_Driver/Src/stm32h7xx_hal_dma.o
 .text.DMA_CalcDMAMUXRequestGenBaseAndMask
                0x08007bd8       0xe8 ./Drivers/STM32H7xx_HAL_Driver/Src/stm32h7xx_hal_dma.o
 .text.HAL_GPIO_Init
                0x08007cc0      0x360 ./Drivers/STM32H7xx_HAL_Driver/Src/stm32h7xx_hal_gpio.o
                0x08007cc0                HAL_GPIO_Init
 .text.HAL_GPIO_ReadPin
                0x08008020       0x30 ./Drivers/STM32H7xx_HAL_Driver/Src/stm32h7xx_hal_gpio.o
                0x08008020                HAL_GPIO_ReadPin
 .text.HAL_GPIO_WritePin
                0x08008050       0x32 ./Drivers/STM32H7xx_HAL_Driver/Src/stm32h7xx_hal_gpio.o
                0x08008050                HAL_GPIO_WritePin
 *fill*         0x08008082        0x2 
 .text.HAL_PWREx_ConfigSupply
                0x08008084       0x74 ./Drivers/STM32H7xx_HAL_Driver/Src/stm32h7xx_hal_pwr_ex.o
                0x08008084                HAL_PWREx_ConfigSupply
 .text.HAL_QSPI_Init
                0x080080f8       0xe8 ./Drivers/STM32H7xx_HAL_Driver/Src/stm32h7xx_hal_qspi.o
                0x080080f8                HAL_QSPI_Init
 .text.HAL_QSPI_SetTimeout
                0x080081e0       0x1c ./Drivers/STM32H7xx_HAL_Driver/Src/stm32h7xx_hal_qspi.o
                0x080081e0                HAL_QSPI_SetTimeout
 .text.QSPI_WaitFlagStateUntilTimeout
                0x080081fc       0x6e ./Drivers/STM32H7xx_HAL_Driver/Src/stm32h7xx_hal_qspi.o
 *fill*         0x0800826a        0x2 
 .text.HAL_RCC_OscConfig
                0x0800826c      0x8b4 ./Drivers/STM32H7xx_HAL_Driver/Src/stm32h7xx_hal_rcc.o
                0x0800826c                HAL_RCC_OscConfig
 .text.HAL_RCC_ClockConfig
                0x08008b20      0x36c ./Drivers/STM32H7xx_HAL_Driver/Src/stm32h7xx_hal_rcc.o
                0x08008b20                HAL_RCC_ClockConfig
 .text.HAL_RCC_GetSysClockFreq
                0x08008e8c      0x2f4 ./Drivers/STM32H7xx_HAL_Driver/Src/stm32h7xx_hal_rcc.o
                0x08008e8c                HAL_RCC_GetSysClockFreq
 .text.HAL_RCC_GetHCLKFreq
                0x08009180       0x60 ./Drivers/STM32H7xx_HAL_Driver/Src/stm32h7xx_hal_rcc.o
                0x08009180                HAL_RCC_GetHCLKFreq
 .text.HAL_RCC_GetPCLK1Freq
                0x080091e0       0x2c ./Drivers/STM32H7xx_HAL_Driver/Src/stm32h7xx_hal_rcc.o
                0x080091e0                HAL_RCC_GetPCLK1Freq
 .text.HAL_RCC_GetPCLK2Freq
                0x0800920c       0x2c ./Drivers/STM32H7xx_HAL_Driver/Src/stm32h7xx_hal_rcc.o
                0x0800920c                HAL_RCC_GetPCLK2Freq
 .text.HAL_RCCEx_PeriphCLKConfig
                0x08009238     0x1414 ./Drivers/STM32H7xx_HAL_Driver/Src/stm32h7xx_hal_rcc_ex.o
                0x08009238                HAL_RCCEx_PeriphCLKConfig
 .text.HAL_RCCEx_GetPeriphCLKFreq
                0x0800a64c      0xb00 ./Drivers/STM32H7xx_HAL_Driver/Src/stm32h7xx_hal_rcc_ex.o
                0x0800a64c                HAL_RCCEx_GetPeriphCLKFreq
 .text.HAL_RCCEx_GetD3PCLK1Freq
                0x0800b14c       0x2c ./Drivers/STM32H7xx_HAL_Driver/Src/stm32h7xx_hal_rcc_ex.o
                0x0800b14c                HAL_RCCEx_GetD3PCLK1Freq
 .text.HAL_RCCEx_GetPLL2ClockFreq
                0x0800b178      0x2a8 ./Drivers/STM32H7xx_HAL_Driver/Src/stm32h7xx_hal_rcc_ex.o
                0x0800b178                HAL_RCCEx_GetPLL2ClockFreq
 .text.HAL_RCCEx_GetPLL3ClockFreq
                0x0800b420      0x2a8 ./Drivers/STM32H7xx_HAL_Driver/Src/stm32h7xx_hal_rcc_ex.o
                0x0800b420                HAL_RCCEx_GetPLL3ClockFreq
 .text.HAL_RCCEx_GetPLL1ClockFreq
                0x0800b6c8      0x2a4 ./Drivers/STM32H7xx_HAL_Driver/Src/stm32h7xx_hal_rcc_ex.o
                0x0800b6c8                HAL_RCCEx_GetPLL1ClockFreq
 .text.RCCEx_PLL2_Config
                0x0800b96c      0x164 ./Drivers/STM32H7xx_HAL_Driver/Src/stm32h7xx_hal_rcc_ex.o
 .text.RCCEx_PLL3_Config
                0x0800bad0      0x164 ./Drivers/STM32H7xx_HAL_Driver/Src/stm32h7xx_hal_rcc_ex.o
 .text.HAL_SD_Init
                0x0800bc34      0x106 ./Drivers/STM32H7xx_HAL_Driver/Src/stm32h7xx_hal_sd.o
                0x0800bc34                HAL_SD_Init
 *fill*         0x0800bd3a        0x2 
 .text.HAL_SD_InitCard
                0x0800bd3c      0x138 ./Drivers/STM32H7xx_HAL_Driver/Src/stm32h7xx_hal_sd.o
                0x0800bd3c                HAL_SD_InitCard
 .text.HAL_SD_ReadBlocks
                0x0800be74      0x314 ./Drivers/STM32H7xx_HAL_Driver/Src/stm32h7xx_hal_sd.o
                0x0800be74                HAL_SD_ReadBlocks
 .text.HAL_SD_WriteBlocks
                0x0800c188      0x31c ./Drivers/STM32H7xx_HAL_Driver/Src/stm32h7xx_hal_sd.o
                0x0800c188                HAL_SD_WriteBlocks
 .text.HAL_SD_GetCardCSD
                0x0800c4a4      0x348 ./Drivers/STM32H7xx_HAL_Driver/Src/stm32h7xx_hal_sd.o
                0x0800c4a4                HAL_SD_GetCardCSD
 .text.HAL_SD_GetCardStatus
                0x0800c7ec      0x17c ./Drivers/STM32H7xx_HAL_Driver/Src/stm32h7xx_hal_sd.o
                0x0800c7ec                HAL_SD_GetCardStatus
 .text.HAL_SD_GetCardInfo
                0x0800c968       0x58 ./Drivers/STM32H7xx_HAL_Driver/Src/stm32h7xx_hal_sd.o
                0x0800c968                HAL_SD_GetCardInfo
 .text.HAL_SD_ConfigWideBusOperation
                0x0800c9c0      0x224 ./Drivers/STM32H7xx_HAL_Driver/Src/stm32h7xx_hal_sd.o
                0x0800c9c0                HAL_SD_ConfigWideBusOperation
 .text.HAL_SD_GetCardState
                0x0800cbe4       0x40 ./Drivers/STM32H7xx_HAL_Driver/Src/stm32h7xx_hal_sd.o
                0x0800cbe4                HAL_SD_GetCardState
 .text.SD_InitCard
                0x0800cc24      0x19c ./Drivers/STM32H7xx_HAL_Driver/Src/stm32h7xx_hal_sd.o
 .text.SD_PowerON
                0x0800cdc0      0x11c ./Drivers/STM32H7xx_HAL_Driver/Src/stm32h7xx_hal_sd.o
 .text.SD_SendSDStatus
                0x0800cedc      0x1a0 ./Drivers/STM32H7xx_HAL_Driver/Src/stm32h7xx_hal_sd.o
 .text.SD_SendStatus
                0x0800d07c       0x50 ./Drivers/STM32H7xx_HAL_Driver/Src/stm32h7xx_hal_sd.o
 .text.SD_WideBus_Enable
                0x0800d0cc       0x96 ./Drivers/STM32H7xx_HAL_Driver/Src/stm32h7xx_hal_sd.o
 .text.SD_WideBus_Disable
                0x0800d162       0x96 ./Drivers/STM32H7xx_HAL_Driver/Src/stm32h7xx_hal_sd.o
 .text.SD_FindSCR
                0x0800d1f8      0x1a0 ./Drivers/STM32H7xx_HAL_Driver/Src/stm32h7xx_hal_sd.o
 .text.HAL_TIM_Base_Init
                0x0800d398       0xae ./Drivers/STM32H7xx_HAL_Driver/Src/stm32h7xx_hal_tim.o
                0x0800d398                HAL_TIM_Base_Init
 *fill*         0x0800d446        0x2 
 .text.HAL_TIM_Base_Start
                0x0800d448       0xe0 ./Drivers/STM32H7xx_HAL_Driver/Src/stm32h7xx_hal_tim.o
                0x0800d448                HAL_TIM_Base_Start
 .text.HAL_TIM_IRQHandler
                0x0800d528      0x20e ./Drivers/STM32H7xx_HAL_Driver/Src/stm32h7xx_hal_tim.o
                0x0800d528                HAL_TIM_IRQHandler
 .text.HAL_TIM_OC_DelayElapsedCallback
                0x0800d736       0x14 ./Drivers/STM32H7xx_HAL_Driver/Src/stm32h7xx_hal_tim.o
                0x0800d736                HAL_TIM_OC_DelayElapsedCallback
 .text.HAL_TIM_IC_CaptureCallback
                0x0800d74a       0x14 ./Drivers/STM32H7xx_HAL_Driver/Src/stm32h7xx_hal_tim.o
                0x0800d74a                HAL_TIM_IC_CaptureCallback
 .text.HAL_TIM_PWM_PulseFinishedCallback
                0x0800d75e       0x14 ./Drivers/STM32H7xx_HAL_Driver/Src/stm32h7xx_hal_tim.o
                0x0800d75e                HAL_TIM_PWM_PulseFinishedCallback
 .text.HAL_TIM_TriggerCallback
                0x0800d772       0x14 ./Drivers/STM32H7xx_HAL_Driver/Src/stm32h7xx_hal_tim.o
                0x0800d772                HAL_TIM_TriggerCallback
 *fill*         0x0800d786        0x2 
 .text.TIM_Base_SetConfig
                0x0800d788      0x14c ./Drivers/STM32H7xx_HAL_Driver/Src/stm32h7xx_hal_tim.o
                0x0800d788                TIM_Base_SetConfig
 .text.HAL_TIMEx_MasterConfigSynchronization
                0x0800d8d4      0x11c ./Drivers/STM32H7xx_HAL_Driver/Src/stm32h7xx_hal_tim_ex.o
                0x0800d8d4                HAL_TIMEx_MasterConfigSynchronization
 .text.HAL_TIMEx_CommutCallback
                0x0800d9f0       0x14 ./Drivers/STM32H7xx_HAL_Driver/Src/stm32h7xx_hal_tim_ex.o
                0x0800d9f0                HAL_TIMEx_CommutCallback
 .text.HAL_TIMEx_BreakCallback
                0x0800da04       0x14 ./Drivers/STM32H7xx_HAL_Driver/Src/stm32h7xx_hal_tim_ex.o
                0x0800da04                HAL_TIMEx_BreakCallback
 .text.HAL_TIMEx_Break2Callback
                0x0800da18       0x14 ./Drivers/STM32H7xx_HAL_Driver/Src/stm32h7xx_hal_tim_ex.o
                0x0800da18                HAL_TIMEx_Break2Callback
 .text.HAL_UART_Init
                0x0800da2c       0xa0 ./Drivers/STM32H7xx_HAL_Driver/Src/stm32h7xx_hal_uart.o
                0x0800da2c                HAL_UART_Init
 .text.HAL_UART_Transmit_IT
                0x0800dacc      0x128 ./Drivers/STM32H7xx_HAL_Driver/Src/stm32h7xx_hal_uart.o
                0x0800dacc                HAL_UART_Transmit_IT
 .text.HAL_UART_Receive_IT
                0x0800dbf4       0x98 ./Drivers/STM32H7xx_HAL_Driver/Src/stm32h7xx_hal_uart.o
                0x0800dbf4                HAL_UART_Receive_IT
 .text.HAL_UART_IRQHandler
                0x0800dc8c      0x774 ./Drivers/STM32H7xx_HAL_Driver/Src/stm32h7xx_hal_uart.o
                0x0800dc8c                HAL_UART_IRQHandler
 .text.HAL_UART_ErrorCallback
                0x0800e400       0x14 ./Drivers/STM32H7xx_HAL_Driver/Src/stm32h7xx_hal_uart.o
                0x0800e400                HAL_UART_ErrorCallback
 .text.HAL_UARTEx_RxEventCallback
                0x0800e414       0x18 ./Drivers/STM32H7xx_HAL_Driver/Src/stm32h7xx_hal_uart.o
                0x0800e414                HAL_UARTEx_RxEventCallback
 .text.UART_SetConfig
                0x0800e42c      0xad0 ./Drivers/STM32H7xx_HAL_Driver/Src/stm32h7xx_hal_uart.o
                0x0800e42c                UART_SetConfig
 .text.UART_AdvFeatureConfig
                0x0800eefc      0x144 ./Drivers/STM32H7xx_HAL_Driver/Src/stm32h7xx_hal_uart.o
                0x0800eefc                UART_AdvFeatureConfig
 .text.UART_CheckIdleState
                0x0800f040      0x154 ./Drivers/STM32H7xx_HAL_Driver/Src/stm32h7xx_hal_uart.o
                0x0800f040                UART_CheckIdleState
 .text.UART_WaitOnFlagUntilTimeout
                0x0800f194       0xda ./Drivers/STM32H7xx_HAL_Driver/Src/stm32h7xx_hal_uart.o
                0x0800f194                UART_WaitOnFlagUntilTimeout
 *fill*         0x0800f26e        0x2 
 .text.UART_Start_Receive_IT
                0x0800f270      0x244 ./Drivers/STM32H7xx_HAL_Driver/Src/stm32h7xx_hal_uart.o
                0x0800f270                UART_Start_Receive_IT
 .text.UART_EndRxTransfer
                0x0800f4b4       0xcc ./Drivers/STM32H7xx_HAL_Driver/Src/stm32h7xx_hal_uart.o
 .text.UART_DMAAbortOnError
                0x0800f580       0x2c ./Drivers/STM32H7xx_HAL_Driver/Src/stm32h7xx_hal_uart.o
 .text.UART_TxISR_8BIT
                0x0800f5ac       0xb8 ./Drivers/STM32H7xx_HAL_Driver/Src/stm32h7xx_hal_uart.o
 .text.UART_TxISR_16BIT
                0x0800f664       0xc2 ./Drivers/STM32H7xx_HAL_Driver/Src/stm32h7xx_hal_uart.o
 .text.UART_TxISR_8BIT_FIFOEN
                0x0800f726       0xe0 ./Drivers/STM32H7xx_HAL_Driver/Src/stm32h7xx_hal_uart.o
 .text.UART_TxISR_16BIT_FIFOEN
                0x0800f806       0xea ./Drivers/STM32H7xx_HAL_Driver/Src/stm32h7xx_hal_uart.o
 .text.UART_EndTransmit_IT
                0x0800f8f0       0x56 ./Drivers/STM32H7xx_HAL_Driver/Src/stm32h7xx_hal_uart.o
 *fill*         0x0800f946        0x2 
 .text.UART_RxISR_8BIT
                0x0800f948      0x1b8 ./Drivers/STM32H7xx_HAL_Driver/Src/stm32h7xx_hal_uart.o
 .text.UART_RxISR_16BIT
                0x0800fb00      0x1b8 ./Drivers/STM32H7xx_HAL_Driver/Src/stm32h7xx_hal_uart.o
 .text.UART_RxISR_8BIT_FIFOEN
                0x0800fcb8      0x360 ./Drivers/STM32H7xx_HAL_Driver/Src/stm32h7xx_hal_uart.o
 .text.UART_RxISR_16BIT_FIFOEN
                0x08010018      0x368 ./Drivers/STM32H7xx_HAL_Driver/Src/stm32h7xx_hal_uart.o
 .text.HAL_UARTEx_WakeupCallback
                0x08010380       0x14 ./Drivers/STM32H7xx_HAL_Driver/Src/stm32h7xx_hal_uart_ex.o
                0x08010380                HAL_UARTEx_WakeupCallback
 .text.HAL_UARTEx_RxFifoFullCallback
                0x08010394       0x14 ./Drivers/STM32H7xx_HAL_Driver/Src/stm32h7xx_hal_uart_ex.o
                0x08010394                HAL_UARTEx_RxFifoFullCallback
 .text.HAL_UARTEx_TxFifoEmptyCallback
                0x080103a8       0x14 ./Drivers/STM32H7xx_HAL_Driver/Src/stm32h7xx_hal_uart_ex.o
                0x080103a8                HAL_UARTEx_TxFifoEmptyCallback
 .text.HAL_UARTEx_DisableFifoMode
                0x080103bc       0x72 ./Drivers/STM32H7xx_HAL_Driver/Src/stm32h7xx_hal_uart_ex.o
                0x080103bc                HAL_UARTEx_DisableFifoMode
 .text.HAL_UARTEx_SetTxFifoThreshold
                0x0801042e       0x7c ./Drivers/STM32H7xx_HAL_Driver/Src/stm32h7xx_hal_uart_ex.o
                0x0801042e                HAL_UARTEx_SetTxFifoThreshold
 .text.HAL_UARTEx_SetRxFifoThreshold
                0x080104aa       0x7c ./Drivers/STM32H7xx_HAL_Driver/Src/stm32h7xx_hal_uart_ex.o
                0x080104aa                HAL_UARTEx_SetRxFifoThreshold
 *fill*         0x08010526        0x2 
 .text.UARTEx_SetNbDataToProcess
                0x08010528       0x9c ./Drivers/STM32H7xx_HAL_Driver/Src/stm32h7xx_hal_uart_ex.o
 .text.SDMMC_Init
                0x080105c4       0x54 ./Drivers/STM32H7xx_HAL_Driver/Src/stm32h7xx_ll_sdmmc.o
                0x080105c4                SDMMC_Init
 .text.SDMMC_ReadFIFO
                0x08010618       0x1a ./Drivers/STM32H7xx_HAL_Driver/Src/stm32h7xx_ll_sdmmc.o
                0x08010618                SDMMC_ReadFIFO
 .text.SDMMC_WriteFIFO
                0x08010632       0x22 ./Drivers/STM32H7xx_HAL_Driver/Src/stm32h7xx_ll_sdmmc.o
                0x08010632                SDMMC_WriteFIFO
 .text.SDMMC_PowerState_ON
                0x08010654       0x22 ./Drivers/STM32H7xx_HAL_Driver/Src/stm32h7xx_ll_sdmmc.o
                0x08010654                SDMMC_PowerState_ON
 .text.SDMMC_GetPowerState
                0x08010676       0x1c ./Drivers/STM32H7xx_HAL_Driver/Src/stm32h7xx_ll_sdmmc.o
                0x08010676                SDMMC_GetPowerState
 *fill*         0x08010692        0x2 
 .text.SDMMC_SendCommand
                0x08010694       0x54 ./Drivers/STM32H7xx_HAL_Driver/Src/stm32h7xx_ll_sdmmc.o
                0x08010694                SDMMC_SendCommand
 .text.SDMMC_GetCommandResponse
                0x080106e8       0x1a ./Drivers/STM32H7xx_HAL_Driver/Src/stm32h7xx_ll_sdmmc.o
                0x080106e8                SDMMC_GetCommandResponse
 .text.SDMMC_GetResponse
                0x08010702       0x26 ./Drivers/STM32H7xx_HAL_Driver/Src/stm32h7xx_ll_sdmmc.o
                0x08010702                SDMMC_GetResponse
 .text.SDMMC_ConfigData
                0x08010728       0x58 ./Drivers/STM32H7xx_HAL_Driver/Src/stm32h7xx_ll_sdmmc.o
                0x08010728                SDMMC_ConfigData
 .text.SDMMC_CmdBlockLength
                0x08010780       0x46 ./Drivers/STM32H7xx_HAL_Driver/Src/stm32h7xx_ll_sdmmc.o
                0x08010780                SDMMC_CmdBlockLength
 .text.SDMMC_CmdReadSingleBlock
                0x080107c6       0x46 ./Drivers/STM32H7xx_HAL_Driver/Src/stm32h7xx_ll_sdmmc.o
                0x080107c6                SDMMC_CmdReadSingleBlock
 .text.SDMMC_CmdReadMultiBlock
                0x0801080c       0x46 ./Drivers/STM32H7xx_HAL_Driver/Src/stm32h7xx_ll_sdmmc.o
                0x0801080c                SDMMC_CmdReadMultiBlock
 .text.SDMMC_CmdWriteSingleBlock
                0x08010852       0x46 ./Drivers/STM32H7xx_HAL_Driver/Src/stm32h7xx_ll_sdmmc.o
                0x08010852                SDMMC_CmdWriteSingleBlock
 .text.SDMMC_CmdWriteMultiBlock
                0x08010898       0x46 ./Drivers/STM32H7xx_HAL_Driver/Src/stm32h7xx_ll_sdmmc.o
                0x08010898                SDMMC_CmdWriteMultiBlock
 *fill*         0x080108de        0x2 
 .text.SDMMC_CmdStopTransfer
                0x080108e0       0x78 ./Drivers/STM32H7xx_HAL_Driver/Src/stm32h7xx_ll_sdmmc.o
                0x080108e0                SDMMC_CmdStopTransfer
 .text.SDMMC_CmdSelDesel
                0x08010958       0x46 ./Drivers/STM32H7xx_HAL_Driver/Src/stm32h7xx_ll_sdmmc.o
                0x08010958                SDMMC_CmdSelDesel
 .text.SDMMC_CmdGoIdleState
                0x0801099e       0x3c ./Drivers/STM32H7xx_HAL_Driver/Src/stm32h7xx_ll_sdmmc.o
                0x0801099e                SDMMC_CmdGoIdleState
 .text.SDMMC_CmdOperCond
                0x080109da       0x40 ./Drivers/STM32H7xx_HAL_Driver/Src/stm32h7xx_ll_sdmmc.o
                0x080109da                SDMMC_CmdOperCond
 .text.SDMMC_CmdAppCommand
                0x08010a1a       0x46 ./Drivers/STM32H7xx_HAL_Driver/Src/stm32h7xx_ll_sdmmc.o
                0x08010a1a                SDMMC_CmdAppCommand
 .text.SDMMC_CmdAppOperCommand
                0x08010a60       0x40 ./Drivers/STM32H7xx_HAL_Driver/Src/stm32h7xx_ll_sdmmc.o
                0x08010a60                SDMMC_CmdAppOperCommand
 .text.SDMMC_CmdBusWidth
                0x08010aa0       0x46 ./Drivers/STM32H7xx_HAL_Driver/Src/stm32h7xx_ll_sdmmc.o
                0x08010aa0                SDMMC_CmdBusWidth
 .text.SDMMC_CmdSendSCR
                0x08010ae6       0x44 ./Drivers/STM32H7xx_HAL_Driver/Src/stm32h7xx_ll_sdmmc.o
                0x08010ae6                SDMMC_CmdSendSCR
 .text.SDMMC_CmdSendCID
                0x08010b2a       0x3e ./Drivers/STM32H7xx_HAL_Driver/Src/stm32h7xx_ll_sdmmc.o
                0x08010b2a                SDMMC_CmdSendCID
 .text.SDMMC_CmdSendCSD
                0x08010b68       0x40 ./Drivers/STM32H7xx_HAL_Driver/Src/stm32h7xx_ll_sdmmc.o
                0x08010b68                SDMMC_CmdSendCSD
 .text.SDMMC_CmdSetRelAdd
                0x08010ba8       0x44 ./Drivers/STM32H7xx_HAL_Driver/Src/stm32h7xx_ll_sdmmc.o
                0x08010ba8                SDMMC_CmdSetRelAdd
 .text.SDMMC_CmdSendStatus
                0x08010bec       0x46 ./Drivers/STM32H7xx_HAL_Driver/Src/stm32h7xx_ll_sdmmc.o
                0x08010bec                SDMMC_CmdSendStatus
 .text.SDMMC_CmdStatusRegister
                0x08010c32       0x44 ./Drivers/STM32H7xx_HAL_Driver/Src/stm32h7xx_ll_sdmmc.o
                0x08010c32                SDMMC_CmdStatusRegister
 *fill*         0x08010c76        0x2 
 .text.SDMMC_GetCmdResp1
                0x08010c78      0x1e4 ./Drivers/STM32H7xx_HAL_Driver/Src/stm32h7xx_ll_sdmmc.o
                0x08010c78                SDMMC_GetCmdResp1
 .text.SDMMC_GetCmdResp2
                0x08010e5c       0x94 ./Drivers/STM32H7xx_HAL_Driver/Src/stm32h7xx_ll_sdmmc.o
                0x08010e5c                SDMMC_GetCmdResp2
 .text.SDMMC_GetCmdResp3
                0x08010ef0       0x80 ./Drivers/STM32H7xx_HAL_Driver/Src/stm32h7xx_ll_sdmmc.o
                0x08010ef0                SDMMC_GetCmdResp3
 .text.SDMMC_GetCmdResp6
                0x08010f70       0xf0 ./Drivers/STM32H7xx_HAL_Driver/Src/stm32h7xx_ll_sdmmc.o
                0x08010f70                SDMMC_GetCmdResp6
 .text.SDMMC_GetCmdResp7
                0x08011060       0x9c ./Drivers/STM32H7xx_HAL_Driver/Src/stm32h7xx_ll_sdmmc.o
                0x08011060                SDMMC_GetCmdResp7
 .text.SDMMC_GetCmdError
                0x080110fc       0x5c ./Drivers/STM32H7xx_HAL_Driver/Src/stm32h7xx_ll_sdmmc.o
 .text.MX_FATFS_Init
                0x08011158       0x24 ./FATFS/App/fatfs.o
                0x08011158                MX_FATFS_Init
 .text.get_fattime
                0x0801117c       0x10 ./FATFS/App/fatfs.o
                0x0801117c                get_fattime
 .text.BSP_SD_Init
                0x0801118c       0x4c ./FATFS/Target/bsp_driver_sd.o
                0x0801118c                BSP_SD_Init
 .text.BSP_SD_ReadBlocks
                0x080111d8       0x3c ./FATFS/Target/bsp_driver_sd.o
                0x080111d8                BSP_SD_ReadBlocks
 .text.BSP_SD_WriteBlocks
                0x08011214       0x3c ./FATFS/Target/bsp_driver_sd.o
                0x08011214                BSP_SD_WriteBlocks
 .text.BSP_SD_GetCardState
                0x08011250       0x20 ./FATFS/Target/bsp_driver_sd.o
                0x08011250                BSP_SD_GetCardState
 .text.BSP_SD_GetCardInfo
                0x08011270       0x1c ./FATFS/Target/bsp_driver_sd.o
                0x08011270                BSP_SD_GetCardInfo
 .text.BSP_SD_IsDetected
                0x0801128c       0x1a ./FATFS/Target/bsp_driver_sd.o
                0x0801128c                BSP_SD_IsDetected
 *fill*         0x080112a6        0x2 
 .text.SD_CheckStatus
                0x080112a8       0x3c ./FATFS/Target/sd_diskio.o
 .text.SD_initialize
                0x080112e4       0x3c ./FATFS/Target/sd_diskio.o
                0x080112e4                SD_initialize
 .text.SD_status
                0x08011320       0x1c ./FATFS/Target/sd_diskio.o
                0x08011320                SD_status
 .text.SD_read  0x0801133c       0x42 ./FATFS/Target/sd_diskio.o
                0x0801133c                SD_read
 .text.SD_write
                0x0801137e       0x42 ./FATFS/Target/sd_diskio.o
                0x0801137e                SD_write
 .text.SD_ioctl
                0x080113c0       0xb0 ./FATFS/Target/sd_diskio.o
                0x080113c0                SD_ioctl
 .text.disk_status
                0x08011470       0x34 ./Middlewares/Third_Party/FatFs/src/diskio.o
                0x08011470                disk_status
 .text.disk_initialize
                0x080114a4       0x50 ./Middlewares/Third_Party/FatFs/src/diskio.o
                0x080114a4                disk_initialize
 .text.disk_read
                0x080114f4       0x40 ./Middlewares/Third_Party/FatFs/src/diskio.o
                0x080114f4                disk_read
 .text.disk_write
                0x08011534       0x40 ./Middlewares/Third_Party/FatFs/src/diskio.o
                0x08011534                disk_write
 .text.disk_ioctl
                0x08011574       0x3c ./Middlewares/Third_Party/FatFs/src/diskio.o
                0x08011574                disk_ioctl
 .text.ld_word  0x080115b0       0x32 ./Middlewares/Third_Party/FatFs/src/ff.o
 .text.ld_dword
                0x080115e2       0x46 ./Middlewares/Third_Party/FatFs/src/ff.o
 .text.st_word  0x08011628       0x36 ./Middlewares/Third_Party/FatFs/src/ff.o
 .text.st_dword
                0x0801165e       0x58 ./Middlewares/Third_Party/FatFs/src/ff.o
 .text.mem_cpy  0x080116b6       0x42 ./Middlewares/Third_Party/FatFs/src/ff.o
 .text.mem_set  0x080116f8       0x36 ./Middlewares/Third_Party/FatFs/src/ff.o
 .text.mem_cmp  0x0801172e       0x4e ./Middlewares/Third_Party/FatFs/src/ff.o
 .text.chk_chr  0x0801177c       0x36 ./Middlewares/Third_Party/FatFs/src/ff.o
 *fill*         0x080117b2        0x2 
 .text.chk_lock
                0x080117b4       0xb8 ./Middlewares/Third_Party/FatFs/src/ff.o
 .text.enq_lock
                0x0801186c       0x44 ./Middlewares/Third_Party/FatFs/src/ff.o
 .text.inc_lock
                0x080118b0      0x11c ./Middlewares/Third_Party/FatFs/src/ff.o
 .text.dec_lock
                0x080119cc       0x78 ./Middlewares/Third_Party/FatFs/src/ff.o
 .text.clear_lock
                0x08011a44       0x48 ./Middlewares/Third_Party/FatFs/src/ff.o
 .text.sync_window
                0x08011a8c       0x88 ./Middlewares/Third_Party/FatFs/src/ff.o
 .text.move_window
                0x08011b14       0x5a ./Middlewares/Third_Party/FatFs/src/ff.o
 *fill*         0x08011b6e        0x2 
 .text.sync_fs  0x08011b70       0xdc ./Middlewares/Third_Party/FatFs/src/ff.o
 .text.clust2sect
                0x08011c4c       0x3e ./Middlewares/Third_Party/FatFs/src/ff.o
 .text.get_fat  0x08011c8a      0x14e ./Middlewares/Third_Party/FatFs/src/ff.o
 .text.put_fat  0x08011dd8      0x1d4 ./Middlewares/Third_Party/FatFs/src/ff.o
 .text.remove_chain
                0x08011fac       0xca ./Middlewares/Third_Party/FatFs/src/ff.o
 .text.create_chain
                0x08012076      0x130 ./Middlewares/Third_Party/FatFs/src/ff.o
 .text.clmt_clust
                0x080121a6       0x68 ./Middlewares/Third_Party/FatFs/src/ff.o
 .text.dir_sdi  0x0801220e       0xf6 ./Middlewares/Third_Party/FatFs/src/ff.o
 .text.dir_next
                0x08012304      0x18a ./Middlewares/Third_Party/FatFs/src/ff.o
 .text.dir_alloc
                0x0801248e       0x8e ./Middlewares/Third_Party/FatFs/src/ff.o
 .text.ld_clust
                0x0801251c       0x3e ./Middlewares/Third_Party/FatFs/src/ff.o
 .text.st_clust
                0x0801255a       0x40 ./Middlewares/Third_Party/FatFs/src/ff.o
 .text.dir_find
                0x0801259a       0xaa ./Middlewares/Third_Party/FatFs/src/ff.o
 .text.dir_register
                0x08012644       0x64 ./Middlewares/Third_Party/FatFs/src/ff.o
 .text.create_name
                0x080126a8      0x128 ./Middlewares/Third_Party/FatFs/src/ff.o
 .text.follow_path
                0x080127d0       0xe2 ./Middlewares/Third_Party/FatFs/src/ff.o
 .text.get_ldnumber
                0x080128b2       0x88 ./Middlewares/Third_Party/FatFs/src/ff.o
 *fill*         0x0801293a        0x2 
 .text.check_fs
                0x0801293c       0xac ./Middlewares/Third_Party/FatFs/src/ff.o
 .text.find_volume
                0x080129e8      0x498 ./Middlewares/Third_Party/FatFs/src/ff.o
 .text.validate
                0x08012e80       0x6a ./Middlewares/Third_Party/FatFs/src/ff.o
 *fill*         0x08012eea        0x2 
 .text.f_mount  0x08012eec       0x8c ./Middlewares/Third_Party/FatFs/src/ff.o
                0x08012eec                f_mount
 .text.f_open   0x08012f78      0x374 ./Middlewares/Third_Party/FatFs/src/ff.o
                0x08012f78                f_open
 .text.f_write  0x080132ec      0x2ea ./Middlewares/Third_Party/FatFs/src/ff.o
                0x080132ec                f_write
 .text.f_sync   0x080135d6       0xfc ./Middlewares/Third_Party/FatFs/src/ff.o
                0x080135d6                f_sync
 .text.f_close  0x080136d2       0x54 ./Middlewares/Third_Party/FatFs/src/ff.o
                0x080136d2                f_close
 *fill*         0x08013726        0x2 
 .text.FATFS_LinkDriverEx
                0x08013728       0x98 ./Middlewares/Third_Party/FatFs/src/ff_gen_drv.o
                0x08013728                FATFS_LinkDriverEx
 .text.FATFS_LinkDriver
                0x080137c0       0x1e ./Middlewares/Third_Party/FatFs/src/ff_gen_drv.o
                0x080137c0                FATFS_LinkDriver
 *fill*         0x080137de        0x2 
 .text.arm_rfft_32_fast_init_f32
                0x080137e0       0x38 D:\stm_work\stm32h743_4in_100Khz_fft\Drivers\CMSIS\DSP\Lib\GCC\libarm_cortexM7lfsp_math.a(arm_rfft_fast_init_f32.o)
                0x080137e0                arm_rfft_32_fast_init_f32
 .text.arm_rfft_64_fast_init_f32
                0x08013818       0x38 D:\stm_work\stm32h743_4in_100Khz_fft\Drivers\CMSIS\DSP\Lib\GCC\libarm_cortexM7lfsp_math.a(arm_rfft_fast_init_f32.o)
                0x08013818                arm_rfft_64_fast_init_f32
 .text.arm_rfft_256_fast_init_f32
                0x08013850       0x38 D:\stm_work\stm32h743_4in_100Khz_fft\Drivers\CMSIS\DSP\Lib\GCC\libarm_cortexM7lfsp_math.a(arm_rfft_fast_init_f32.o)
                0x08013850                arm_rfft_256_fast_init_f32
 .text.arm_rfft_512_fast_init_f32
                0x08013888       0x3c D:\stm_work\stm32h743_4in_100Khz_fft\Drivers\CMSIS\DSP\Lib\GCC\libarm_cortexM7lfsp_math.a(arm_rfft_fast_init_f32.o)
                0x08013888                arm_rfft_512_fast_init_f32
 .text.arm_rfft_1024_fast_init_f32
                0x080138c4       0x3c D:\stm_work\stm32h743_4in_100Khz_fft\Drivers\CMSIS\DSP\Lib\GCC\libarm_cortexM7lfsp_math.a(arm_rfft_fast_init_f32.o)
                0x080138c4                arm_rfft_1024_fast_init_f32
 .text.arm_rfft_2048_fast_init_f32
                0x08013900       0x3c D:\stm_work\stm32h743_4in_100Khz_fft\Drivers\CMSIS\DSP\Lib\GCC\libarm_cortexM7lfsp_math.a(arm_rfft_fast_init_f32.o)
                0x08013900                arm_rfft_2048_fast_init_f32
 .text.arm_rfft_4096_fast_init_f32
                0x0801393c       0x3c D:\stm_work\stm32h743_4in_100Khz_fft\Drivers\CMSIS\DSP\Lib\GCC\libarm_cortexM7lfsp_math.a(arm_rfft_fast_init_f32.o)
                0x0801393c                arm_rfft_4096_fast_init_f32
 .text.arm_rfft_fast_init_f32
                0x08013978       0x68 D:\stm_work\stm32h743_4in_100Khz_fft\Drivers\CMSIS\DSP\Lib\GCC\libarm_cortexM7lfsp_math.a(arm_rfft_fast_init_f32.o)
                0x08013978                arm_rfft_fast_init_f32
 .text.stage_rfft_f32
                0x080139e0       0xb8 D:\stm_work\stm32h743_4in_100Khz_fft\Drivers\CMSIS\DSP\Lib\GCC\libarm_cortexM7lfsp_math.a(arm_rfft_fast_f32.o)
                0x080139e0                stage_rfft_f32
 .text.merge_rfft_f32
                0x08013a98       0xac D:\stm_work\stm32h743_4in_100Khz_fft\Drivers\CMSIS\DSP\Lib\GCC\libarm_cortexM7lfsp_math.a(arm_rfft_fast_f32.o)
                0x08013a98                merge_rfft_f32
 .text.arm_rfft_fast_f32
                0x08013b44       0x40 D:\stm_work\stm32h743_4in_100Khz_fft\Drivers\CMSIS\DSP\Lib\GCC\libarm_cortexM7lfsp_math.a(arm_rfft_fast_f32.o)
                0x08013b44                arm_rfft_fast_f32
 .text.arm_cfft_radix8by2_f32
                0x08013b84      0x198 D:\stm_work\stm32h743_4in_100Khz_fft\Drivers\CMSIS\DSP\Lib\GCC\libarm_cortexM7lfsp_math.a(arm_cfft_f32.o)
                0x08013b84                arm_cfft_radix8by2_f32
 .text.arm_cfft_radix8by4_f32
                0x08013d1c      0x4b8 D:\stm_work\stm32h743_4in_100Khz_fft\Drivers\CMSIS\DSP\Lib\GCC\libarm_cortexM7lfsp_math.a(arm_cfft_f32.o)
                0x08013d1c                arm_cfft_radix8by4_f32
 .text.arm_cfft_f32
                0x080141d4       0xec D:\stm_work\stm32h743_4in_100Khz_fft\Drivers\CMSIS\DSP\Lib\GCC\libarm_cortexM7lfsp_math.a(arm_cfft_f32.o)
                0x080141d4                arm_cfft_f32
 .text.arm_bitreversal_32
                0x080142c0       0x50 D:\stm_work\stm32h743_4in_100Khz_fft\Drivers\CMSIS\DSP\Lib\GCC\libarm_cortexM7lfsp_math.a(arm_bitreversal2.o)
                0x080142c0                arm_bitreversal_32
 .text.arm_cmplx_mag_f32
                0x08014310      0x248 D:\stm_work\stm32h743_4in_100Khz_fft\Drivers\CMSIS\DSP\Lib\GCC\libarm_cortexM7lfsp_math.a(arm_cmplx_mag_f32.o)
                0x08014310                arm_cmplx_mag_f32
 .text.arm_radix8_butterfly_f32
                0x08014558      0x584 D:\stm_work\stm32h743_4in_100Khz_fft\Drivers\CMSIS\DSP\Lib\GCC\libarm_cortexM7lfsp_math.a(arm_cfft_radix8_f32.o)
                0x08014558                arm_radix8_butterfly_f32
 .text.sprintf  0x08014adc       0x44 C:/ST/STM32CubeIDE_1.18.0/STM32CubeIDE/plugins/com.st.stm32cube.ide.mcu.externaltools.gnu-tools-for-stm32.13.3.rel1.win32_1.0.0.202411081344/tools/bin/../lib/gcc/arm-none-eabi/13.3.1/../../../../arm-none-eabi/lib/thumb/v7e-m+dp/hard\libc_nano.a(libc_a-sprintf.o)
                0x08014adc                siprintf
                0x08014adc                sprintf
 .text.memset   0x08014b20       0x10 C:/ST/STM32CubeIDE_1.18.0/STM32CubeIDE/plugins/com.st.stm32cube.ide.mcu.externaltools.gnu-tools-for-stm32.13.3.rel1.win32_1.0.0.202411081344/tools/bin/../lib/gcc/arm-none-eabi/13.3.1/../../../../arm-none-eabi/lib/thumb/v7e-m+dp/hard\libc_nano.a(libc_a-memset.o)
                0x08014b20                memset
 .text.__errno  0x08014b30        0xc C:/ST/STM32CubeIDE_1.18.0/STM32CubeIDE/plugins/com.st.stm32cube.ide.mcu.externaltools.gnu-tools-for-stm32.13.3.rel1.win32_1.0.0.202411081344/tools/bin/../lib/gcc/arm-none-eabi/13.3.1/../../../../arm-none-eabi/lib/thumb/v7e-m+dp/hard\libc_nano.a(libc_a-errno.o)
                0x08014b30                __errno
 .text.__libc_init_array
                0x08014b3c       0x48 C:/ST/STM32CubeIDE_1.18.0/STM32CubeIDE/plugins/com.st.stm32cube.ide.mcu.externaltools.gnu-tools-for-stm32.13.3.rel1.win32_1.0.0.202411081344/tools/bin/../lib/gcc/arm-none-eabi/13.3.1/../../../../arm-none-eabi/lib/thumb/v7e-m+dp/hard\libc_nano.a(libc_a-init.o)
                0x08014b3c                __libc_init_array
 .text.__retarget_lock_acquire_recursive
                0x08014b84        0x2 C:/ST/STM32CubeIDE_1.18.0/STM32CubeIDE/plugins/com.st.stm32cube.ide.mcu.externaltools.gnu-tools-for-stm32.13.3.rel1.win32_1.0.0.202411081344/tools/bin/../lib/gcc/arm-none-eabi/13.3.1/../../../../arm-none-eabi/lib/thumb/v7e-m+dp/hard\libc_nano.a(libc_a-lock.o)
                0x08014b84                __retarget_lock_acquire_recursive
 .text.__retarget_lock_release_recursive
                0x08014b86        0x2 C:/ST/STM32CubeIDE_1.18.0/STM32CubeIDE/plugins/com.st.stm32cube.ide.mcu.externaltools.gnu-tools-for-stm32.13.3.rel1.win32_1.0.0.202411081344/tools/bin/../lib/gcc/arm-none-eabi/13.3.1/../../../../arm-none-eabi/lib/thumb/v7e-m+dp/hard\libc_nano.a(libc_a-lock.o)
                0x08014b86                __retarget_lock_release_recursive
 .text._free_r  0x08014b88       0x94 C:/ST/STM32CubeIDE_1.18.0/STM32CubeIDE/plugins/com.st.stm32cube.ide.mcu.externaltools.gnu-tools-for-stm32.13.3.rel1.win32_1.0.0.202411081344/tools/bin/../lib/gcc/arm-none-eabi/13.3.1/../../../../arm-none-eabi/lib/thumb/v7e-m+dp/hard\libc_nano.a(libc_a-freer.o)
                0x08014b88                _free_r
 .text.sbrk_aligned
                0x08014c1c       0x44 C:/ST/STM32CubeIDE_1.18.0/STM32CubeIDE/plugins/com.st.stm32cube.ide.mcu.externaltools.gnu-tools-for-stm32.13.3.rel1.win32_1.0.0.202411081344/tools/bin/../lib/gcc/arm-none-eabi/13.3.1/../../../../arm-none-eabi/lib/thumb/v7e-m+dp/hard\libc_nano.a(libc_a-mallocr.o)
 .text._malloc_r
                0x08014c60      0x100 C:/ST/STM32CubeIDE_1.18.0/STM32CubeIDE/plugins/com.st.stm32cube.ide.mcu.externaltools.gnu-tools-for-stm32.13.3.rel1.win32_1.0.0.202411081344/tools/bin/../lib/gcc/arm-none-eabi/13.3.1/../../../../arm-none-eabi/lib/thumb/v7e-m+dp/hard\libc_nano.a(libc_a-mallocr.o)
                0x08014c60                _malloc_r
 .text.__malloc_lock
                0x08014d60        0xc C:/ST/STM32CubeIDE_1.18.0/STM32CubeIDE/plugins/com.st.stm32cube.ide.mcu.externaltools.gnu-tools-for-stm32.13.3.rel1.win32_1.0.0.202411081344/tools/bin/../lib/gcc/arm-none-eabi/13.3.1/../../../../arm-none-eabi/lib/thumb/v7e-m+dp/hard\libc_nano.a(libc_a-mlock.o)
                0x08014d60                __malloc_lock
 .text.__malloc_unlock
                0x08014d6c        0xc C:/ST/STM32CubeIDE_1.18.0/STM32CubeIDE/plugins/com.st.stm32cube.ide.mcu.externaltools.gnu-tools-for-stm32.13.3.rel1.win32_1.0.0.202411081344/tools/bin/../lib/gcc/arm-none-eabi/13.3.1/../../../../arm-none-eabi/lib/thumb/v7e-m+dp/hard\libc_nano.a(libc_a-mlock.o)
                0x08014d6c                __malloc_unlock
 .text.__ssputs_r
                0x08014d78       0xb6 C:/ST/STM32CubeIDE_1.18.0/STM32CubeIDE/plugins/com.st.stm32cube.ide.mcu.externaltools.gnu-tools-for-stm32.13.3.rel1.win32_1.0.0.202411081344/tools/bin/../lib/gcc/arm-none-eabi/13.3.1/../../../../arm-none-eabi/lib/thumb/v7e-m+dp/hard\libc_nano.a(libc_a-nano-svfprintf.o)
                0x08014d78                __ssputs_r
 *fill*         0x08014e2e        0x2 
 .text._svfprintf_r
                0x08014e30      0x1f8 C:/ST/STM32CubeIDE_1.18.0/STM32CubeIDE/plugins/com.st.stm32cube.ide.mcu.externaltools.gnu-tools-for-stm32.13.3.rel1.win32_1.0.0.202411081344/tools/bin/../lib/gcc/arm-none-eabi/13.3.1/../../../../arm-none-eabi/lib/thumb/v7e-m+dp/hard\libc_nano.a(libc_a-nano-svfprintf.o)
                0x08014e30                _svfiprintf_r
                0x08014e30                _svfprintf_r
 .text._printf_common
                0x08015028       0xda C:/ST/STM32CubeIDE_1.18.0/STM32CubeIDE/plugins/com.st.stm32cube.ide.mcu.externaltools.gnu-tools-for-stm32.13.3.rel1.win32_1.0.0.202411081344/tools/bin/../lib/gcc/arm-none-eabi/13.3.1/../../../../arm-none-eabi/lib/thumb/v7e-m+dp/hard\libc_nano.a(libc_a-nano-vfprintf_i.o)
                0x08015028                _printf_common
 *fill*         0x08015102        0x2 
 .text._printf_i
                0x08015104      0x23c C:/ST/STM32CubeIDE_1.18.0/STM32CubeIDE/plugins/com.st.stm32cube.ide.mcu.externaltools.gnu-tools-for-stm32.13.3.rel1.win32_1.0.0.202411081344/tools/bin/../lib/gcc/arm-none-eabi/13.3.1/../../../../arm-none-eabi/lib/thumb/v7e-m+dp/hard\libc_nano.a(libc_a-nano-vfprintf_i.o)
                0x08015104                _printf_i
 .text.memmove  0x08015340       0x34 C:/ST/STM32CubeIDE_1.18.0/STM32CubeIDE/plugins/com.st.stm32cube.ide.mcu.externaltools.gnu-tools-for-stm32.13.3.rel1.win32_1.0.0.202411081344/tools/bin/../lib/gcc/arm-none-eabi/13.3.1/../../../../arm-none-eabi/lib/thumb/v7e-m+dp/hard\libc_nano.a(libc_a-memmove.o)
                0x08015340                memmove
 .text._sbrk_r  0x08015374       0x20 C:/ST/STM32CubeIDE_1.18.0/STM32CubeIDE/plugins/com.st.stm32cube.ide.mcu.externaltools.gnu-tools-for-stm32.13.3.rel1.win32_1.0.0.202411081344/tools/bin/../lib/gcc/arm-none-eabi/13.3.1/../../../../arm-none-eabi/lib/thumb/v7e-m+dp/hard\libc_nano.a(libc_a-sbrkr.o)
                0x08015374                _sbrk_r
 .text.memcpy   0x08015394       0x1c C:/ST/STM32CubeIDE_1.18.0/STM32CubeIDE/plugins/com.st.stm32cube.ide.mcu.externaltools.gnu-tools-for-stm32.13.3.rel1.win32_1.0.0.202411081344/tools/bin/../lib/gcc/arm-none-eabi/13.3.1/../../../../arm-none-eabi/lib/thumb/v7e-m+dp/hard\libc_nano.a(libc_a-memcpy-stub.o)
                0x08015394                memcpy
 .text._realloc_r
                0x080153b0       0x5c C:/ST/STM32CubeIDE_1.18.0/STM32CubeIDE/plugins/com.st.stm32cube.ide.mcu.externaltools.gnu-tools-for-stm32.13.3.rel1.win32_1.0.0.202411081344/tools/bin/../lib/gcc/arm-none-eabi/13.3.1/../../../../arm-none-eabi/lib/thumb/v7e-m+dp/hard\libc_nano.a(libc_a-reallocr.o)
                0x080153b0                _realloc_r
 .text._malloc_usable_size_r
                0x0801540c       0x10 C:/ST/STM32CubeIDE_1.18.0/STM32CubeIDE/plugins/com.st.stm32cube.ide.mcu.externaltools.gnu-tools-for-stm32.13.3.rel1.win32_1.0.0.202411081344/tools/bin/../lib/gcc/arm-none-eabi/13.3.1/../../../../arm-none-eabi/lib/thumb/v7e-m+dp/hard\libc_nano.a(libc_a-msizer.o)
                0x0801540c                _malloc_usable_size_r
 .text.sqrtf    0x0801541c       0x3c C:/ST/STM32CubeIDE_1.18.0/STM32CubeIDE/plugins/com.st.stm32cube.ide.mcu.externaltools.gnu-tools-for-stm32.13.3.rel1.win32_1.0.0.202411081344/tools/bin/../lib/gcc/arm-none-eabi/13.3.1/../../../../arm-none-eabi/lib/thumb/v7e-m+dp/hard\libm.a(libm_a-wf_sqrt.o)
                0x0801541c                sqrtf
 .text.__ieee754_sqrtf
                0x08015458        0x6 C:/ST/STM32CubeIDE_1.18.0/STM32CubeIDE/plugins/com.st.stm32cube.ide.mcu.externaltools.gnu-tools-for-stm32.13.3.rel1.win32_1.0.0.202411081344/tools/bin/../lib/gcc/arm-none-eabi/13.3.1/../../../../arm-none-eabi/lib/thumb/v7e-m+dp/hard\libm.a(libm_a-ef_sqrt.o)
                0x08015458                __ieee754_sqrtf
 *(.glue_7)
 .glue_7        0x0801545e        0x0 linker stubs
 *(.glue_7t)
 .glue_7t       0x0801545e        0x0 linker stubs
 *(.eh_frame)
 *fill*         0x0801545e        0x2 
 .eh_frame      0x08015460        0x0 C:/ST/STM32CubeIDE_1.18.0/STM32CubeIDE/plugins/com.st.stm32cube.ide.mcu.externaltools.gnu-tools-for-stm32.13.3.rel1.win32_1.0.0.202411081344/tools/bin/../lib/gcc/arm-none-eabi/13.3.1/thumb/v7e-m+dp/hard/crtbegin.o
 *(.init)
 .init          0x08015460        0x4 C:/ST/STM32CubeIDE_1.18.0/STM32CubeIDE/plugins/com.st.stm32cube.ide.mcu.externaltools.gnu-tools-for-stm32.13.3.rel1.win32_1.0.0.202411081344/tools/bin/../lib/gcc/arm-none-eabi/13.3.1/thumb/v7e-m+dp/hard/crti.o
                0x08015460                _init
 .init          0x08015464        0x8 C:/ST/STM32CubeIDE_1.18.0/STM32CubeIDE/plugins/com.st.stm32cube.ide.mcu.externaltools.gnu-tools-for-stm32.13.3.rel1.win32_1.0.0.202411081344/tools/bin/../lib/gcc/arm-none-eabi/13.3.1/thumb/v7e-m+dp/hard/crtn.o
 *(.fini)
 .fini          0x0801546c        0x4 C:/ST/STM32CubeIDE_1.18.0/STM32CubeIDE/plugins/com.st.stm32cube.ide.mcu.externaltools.gnu-tools-for-stm32.13.3.rel1.win32_1.0.0.202411081344/tools/bin/../lib/gcc/arm-none-eabi/13.3.1/thumb/v7e-m+dp/hard/crti.o
                0x0801546c                _fini
 .fini          0x08015470        0x8 C:/ST/STM32CubeIDE_1.18.0/STM32CubeIDE/plugins/com.st.stm32cube.ide.mcu.externaltools.gnu-tools-for-stm32.13.3.rel1.win32_1.0.0.202411081344/tools/bin/../lib/gcc/arm-none-eabi/13.3.1/thumb/v7e-m+dp/hard/crtn.o
                0x08015478                        . = ALIGN (0x4)
                0x08015478                        _etext = .

.vfp11_veneer   0x08015478        0x0
 .vfp11_veneer  0x08015478        0x0 linker stubs

.v4_bx          0x08015478        0x0
 .v4_bx         0x08015478        0x0 linker stubs

.iplt           0x08015478        0x0
 .iplt          0x08015478        0x0 C:/ST/STM32CubeIDE_1.18.0/STM32CubeIDE/plugins/com.st.stm32cube.ide.mcu.externaltools.gnu-tools-for-stm32.13.3.rel1.win32_1.0.0.202411081344/tools/bin/../lib/gcc/arm-none-eabi/13.3.1/thumb/v7e-m+dp/hard/crtbegin.o

.rodata         0x08015478    0x13340
                0x08015478                        . = ALIGN (0x4)
 *(.rodata)
 .rodata        0x08015478        0xc ./Core/Src/main.o
 .rodata        0x08015484       0x44 ./Middlewares/Third_Party/FatFs/src/ff.o
 *(.rodata*)
 .rodata.auchCRCHi
                0x080154c8      0x100 ./Core/Src/modbus.o
                0x080154c8                auchCRCHi
 .rodata.auchCRCLo
                0x080155c8      0x100 ./Core/Src/modbus.o
                0x080155c8                auchCRCLo
 .rodata.D1CorePrescTable
                0x080156c8       0x10 ./Core/Src/system_stm32h7xx.o
                0x080156c8                D1CorePrescTable
 .rodata.flagBitshiftOffset.0
                0x080156d8        0x8 ./Drivers/STM32H7xx_HAL_Driver/Src/stm32h7xx_hal_dma.o
 .rodata.UARTPrescTable
                0x080156e0       0x18 ./Drivers/STM32H7xx_HAL_Driver/Src/stm32h7xx_hal_uart.o
                0x080156e0                UARTPrescTable
 .rodata.numerator.1
                0x080156f8        0x8 ./Drivers/STM32H7xx_HAL_Driver/Src/stm32h7xx_hal_uart_ex.o
 .rodata.denominator.0
                0x08015700        0x8 ./Drivers/STM32H7xx_HAL_Driver/Src/stm32h7xx_hal_uart_ex.o
 .rodata.SD_Driver
                0x08015708       0x14 ./FATFS/Target/sd_diskio.o
                0x08015708                SD_Driver
 .rodata.ExCvt  0x0801571c       0x80 ./Middlewares/Third_Party/FatFs/src/ff.o
 .rodata.armBitRevIndexTable1024
                0x0801579c      0xe10 D:\stm_work\stm32h743_4in_100Khz_fft\Drivers\CMSIS\DSP\Lib\GCC\libarm_cortexM7lfsp_math.a(arm_common_tables.o)
                0x0801579c                armBitRevIndexTable1024
 .rodata.armBitRevIndexTable128
                0x080165ac      0x1a0 D:\stm_work\stm32h743_4in_100Khz_fft\Drivers\CMSIS\DSP\Lib\GCC\libarm_cortexM7lfsp_math.a(arm_common_tables.o)
                0x080165ac                armBitRevIndexTable128
 .rodata.armBitRevIndexTable16
                0x0801674c       0x28 D:\stm_work\stm32h743_4in_100Khz_fft\Drivers\CMSIS\DSP\Lib\GCC\libarm_cortexM7lfsp_math.a(arm_common_tables.o)
                0x0801674c                armBitRevIndexTable16
 .rodata.armBitRevIndexTable2048
                0x08016774     0x1dc0 D:\stm_work\stm32h743_4in_100Khz_fft\Drivers\CMSIS\DSP\Lib\GCC\libarm_cortexM7lfsp_math.a(arm_common_tables.o)
                0x08016774                armBitRevIndexTable2048
 .rodata.armBitRevIndexTable256
                0x08018534      0x370 D:\stm_work\stm32h743_4in_100Khz_fft\Drivers\CMSIS\DSP\Lib\GCC\libarm_cortexM7lfsp_math.a(arm_common_tables.o)
                0x08018534                armBitRevIndexTable256
 .rodata.armBitRevIndexTable32
                0x080188a4       0x60 D:\stm_work\stm32h743_4in_100Khz_fft\Drivers\CMSIS\DSP\Lib\GCC\libarm_cortexM7lfsp_math.a(arm_common_tables.o)
                0x080188a4                armBitRevIndexTable32
 .rodata.armBitRevIndexTable512
                0x08018904      0x380 D:\stm_work\stm32h743_4in_100Khz_fft\Drivers\CMSIS\DSP\Lib\GCC\libarm_cortexM7lfsp_math.a(arm_common_tables.o)
                0x08018904                armBitRevIndexTable512
 .rodata.twiddleCoef_1024
                0x08018c84     0x2000 D:\stm_work\stm32h743_4in_100Khz_fft\Drivers\CMSIS\DSP\Lib\GCC\libarm_cortexM7lfsp_math.a(arm_common_tables.o)
                0x08018c84                twiddleCoef_1024
 .rodata.twiddleCoef_128
                0x0801ac84      0x400 D:\stm_work\stm32h743_4in_100Khz_fft\Drivers\CMSIS\DSP\Lib\GCC\libarm_cortexM7lfsp_math.a(arm_common_tables.o)
                0x0801ac84                twiddleCoef_128
 .rodata.twiddleCoef_16
                0x0801b084       0x80 D:\stm_work\stm32h743_4in_100Khz_fft\Drivers\CMSIS\DSP\Lib\GCC\libarm_cortexM7lfsp_math.a(arm_common_tables.o)
                0x0801b084                twiddleCoef_16
 .rodata.twiddleCoef_2048
                0x0801b104     0x4000 D:\stm_work\stm32h743_4in_100Khz_fft\Drivers\CMSIS\DSP\Lib\GCC\libarm_cortexM7lfsp_math.a(arm_common_tables.o)
                0x0801b104                twiddleCoef_2048
 .rodata.twiddleCoef_256
                0x0801f104      0x800 D:\stm_work\stm32h743_4in_100Khz_fft\Drivers\CMSIS\DSP\Lib\GCC\libarm_cortexM7lfsp_math.a(arm_common_tables.o)
                0x0801f104                twiddleCoef_256
 .rodata.twiddleCoef_32
                0x0801f904      0x100 D:\stm_work\stm32h743_4in_100Khz_fft\Drivers\CMSIS\DSP\Lib\GCC\libarm_cortexM7lfsp_math.a(arm_common_tables.o)
                0x0801f904                twiddleCoef_32
 .rodata.twiddleCoef_512
                0x0801fa04     0x1000 D:\stm_work\stm32h743_4in_100Khz_fft\Drivers\CMSIS\DSP\Lib\GCC\libarm_cortexM7lfsp_math.a(arm_common_tables.o)
                0x0801fa04                twiddleCoef_512
 .rodata.twiddleCoef_rfft_1024
                0x08020a04     0x1000 D:\stm_work\stm32h743_4in_100Khz_fft\Drivers\CMSIS\DSP\Lib\GCC\libarm_cortexM7lfsp_math.a(arm_common_tables.o)
                0x08020a04                twiddleCoef_rfft_1024
 .rodata.twiddleCoef_rfft_2048
                0x08021a04     0x2000 D:\stm_work\stm32h743_4in_100Khz_fft\Drivers\CMSIS\DSP\Lib\GCC\libarm_cortexM7lfsp_math.a(arm_common_tables.o)
                0x08021a04                twiddleCoef_rfft_2048
 .rodata.twiddleCoef_rfft_256
                0x08023a04      0x400 D:\stm_work\stm32h743_4in_100Khz_fft\Drivers\CMSIS\DSP\Lib\GCC\libarm_cortexM7lfsp_math.a(arm_common_tables.o)
                0x08023a04                twiddleCoef_rfft_256
 .rodata.twiddleCoef_rfft_32
                0x08023e04       0x80 D:\stm_work\stm32h743_4in_100Khz_fft\Drivers\CMSIS\DSP\Lib\GCC\libarm_cortexM7lfsp_math.a(arm_common_tables.o)
                0x08023e04                twiddleCoef_rfft_32
 .rodata.twiddleCoef_rfft_4096
                0x08023e84     0x4000 D:\stm_work\stm32h743_4in_100Khz_fft\Drivers\CMSIS\DSP\Lib\GCC\libarm_cortexM7lfsp_math.a(arm_common_tables.o)
                0x08023e84                twiddleCoef_rfft_4096
 .rodata.twiddleCoef_rfft_512
                0x08027e84      0x800 D:\stm_work\stm32h743_4in_100Khz_fft\Drivers\CMSIS\DSP\Lib\GCC\libarm_cortexM7lfsp_math.a(arm_common_tables.o)
                0x08027e84                twiddleCoef_rfft_512
 .rodata.twiddleCoef_rfft_64
                0x08028684      0x100 D:\stm_work\stm32h743_4in_100Khz_fft\Drivers\CMSIS\DSP\Lib\GCC\libarm_cortexM7lfsp_math.a(arm_common_tables.o)
                0x08028684                twiddleCoef_rfft_64
 .rodata._svfprintf_r.str1.1
                0x08028784       0x33 C:/ST/STM32CubeIDE_1.18.0/STM32CubeIDE/plugins/com.st.stm32cube.ide.mcu.externaltools.gnu-tools-for-stm32.13.3.rel1.win32_1.0.0.202411081344/tools/bin/../lib/gcc/arm-none-eabi/13.3.1/../../../../arm-none-eabi/lib/thumb/v7e-m+dp/hard\libc_nano.a(libc_a-nano-svfprintf.o)
                                 0x11 (size before relaxing)
 .rodata._printf_i.str1.1
                0x080287b7       0x22 C:/ST/STM32CubeIDE_1.18.0/STM32CubeIDE/plugins/com.st.stm32cube.ide.mcu.externaltools.gnu-tools-for-stm32.13.3.rel1.win32_1.0.0.202411081344/tools/bin/../lib/gcc/arm-none-eabi/13.3.1/../../../../arm-none-eabi/lib/thumb/v7e-m+dp/hard\libc_nano.a(libc_a-nano-vfprintf_i.o)
                0x080287dc                        . = ALIGN (0x4)
 *fill*         0x080287b7        0x1 

.ARM.extab
 *(.ARM.extab* .gnu.linkonce.armextab.*)

.ARM            0x080287b8        0x8
                0x080287b8                        __exidx_start = .
 *(.ARM.exidx*)
 .ARM.exidx     0x080287b8        0x8 C:/ST/STM32CubeIDE_1.18.0/STM32CubeIDE/plugins/com.st.stm32cube.ide.mcu.externaltools.gnu-tools-for-stm32.13.3.rel1.win32_1.0.0.202411081344/tools/bin/../lib/gcc/arm-none-eabi/13.3.1/../../../../arm-none-eabi/lib/thumb/v7e-m+dp/hard\libc_nano.a(libc_a-memchr.o)
 .ARM.exidx     0x080287c0        0x0 C:/ST/STM32CubeIDE_1.18.0/STM32CubeIDE/plugins/com.st.stm32cube.ide.mcu.externaltools.gnu-tools-for-stm32.13.3.rel1.win32_1.0.0.202411081344/tools/bin/../lib/gcc/arm-none-eabi/13.3.1/thumb/v7e-m+dp/hard\libgcc.a(_udivmoddi4.o)
                                  0x8 (size before relaxing)
                0x080287c0                        __exidx_end = .

.rel.dyn        0x080287c0        0x0
 .rel.iplt      0x080287c0        0x0 C:/ST/STM32CubeIDE_1.18.0/STM32CubeIDE/plugins/com.st.stm32cube.ide.mcu.externaltools.gnu-tools-for-stm32.13.3.rel1.win32_1.0.0.202411081344/tools/bin/../lib/gcc/arm-none-eabi/13.3.1/thumb/v7e-m+dp/hard/crtbegin.o

.preinit_array  0x080287c0        0x0
                0x080287c0                        PROVIDE (__preinit_array_start = .)
 *(.preinit_array*)
                0x080287c0                        PROVIDE (__preinit_array_end = .)

.init_array     0x080287c0        0x4
                0x080287c0                        PROVIDE (__init_array_start = .)
 *(SORT_BY_NAME(.init_array.*))
 *(.init_array*)
 .init_array    0x080287c0        0x4 C:/ST/STM32CubeIDE_1.18.0/STM32CubeIDE/plugins/com.st.stm32cube.ide.mcu.externaltools.gnu-tools-for-stm32.13.3.rel1.win32_1.0.0.202411081344/tools/bin/../lib/gcc/arm-none-eabi/13.3.1/thumb/v7e-m+dp/hard/crtbegin.o
                0x080287c4                        PROVIDE (__init_array_end = .)

.fini_array     0x080287c4        0x4
                [!provide]                        PROVIDE (__fini_array_start = .)
 *(SORT_BY_NAME(.fini_array.*))
 *(.fini_array*)
 .fini_array    0x080287c4        0x4 C:/ST/STM32CubeIDE_1.18.0/STM32CubeIDE/plugins/com.st.stm32cube.ide.mcu.externaltools.gnu-tools-for-stm32.13.3.rel1.win32_1.0.0.202411081344/tools/bin/../lib/gcc/arm-none-eabi/13.3.1/thumb/v7e-m+dp/hard/crtbegin.o
                [!provide]                        PROVIDE (__fini_array_end = .)
                0x080287c8                        _sidata = LOADADDR (.data)

.data           0x24000000       0x60 load address 0x080287c8
                0x24000000                        . = ALIGN (0x4)
                0x24000000                        _sdata = .
 *(.data)
 *(.data*)
 .data.SystemCoreClock
                0x24000000        0x4 ./Core/Src/system_stm32h7xx.o
                0x24000000                SystemCoreClock
 .data.SystemD2Clock
                0x24000004        0x4 ./Core/Src/system_stm32h7xx.o
                0x24000004                SystemD2Clock
 .data.uwTickPrio
                0x24000008        0x4 ./Drivers/STM32H7xx_HAL_Driver/Src/stm32h7xx_hal.o
                0x24000008                uwTickPrio
 .data.uwTickFreq
                0x2400000c        0x1 ./Drivers/STM32H7xx_HAL_Driver/Src/stm32h7xx_hal.o
                0x2400000c                uwTickFreq
 .data.Stat     0x2400000d        0x1 ./FATFS/Target/sd_diskio.o
 *fill*         0x2400000e        0x2 
 .data._impure_ptr
                0x24000010        0x4 C:/ST/STM32CubeIDE_1.18.0/STM32CubeIDE/plugins/com.st.stm32cube.ide.mcu.externaltools.gnu-tools-for-stm32.13.3.rel1.win32_1.0.0.202411081344/tools/bin/../lib/gcc/arm-none-eabi/13.3.1/../../../../arm-none-eabi/lib/thumb/v7e-m+dp/hard\libc_nano.a(libc_a-impure.o)
                0x24000010                _impure_ptr
 .data._impure_data
                0x24000014       0x4c C:/ST/STM32CubeIDE_1.18.0/STM32CubeIDE/plugins/com.st.stm32cube.ide.mcu.externaltools.gnu-tools-for-stm32.13.3.rel1.win32_1.0.0.202411081344/tools/bin/../lib/gcc/arm-none-eabi/13.3.1/../../../../arm-none-eabi/lib/thumb/v7e-m+dp/hard\libc_nano.a(libc_a-impure.o)
                0x24000014                _impure_data
 *(.RamFunc)
 *(.RamFunc*)
                0x24000060                        . = ALIGN (0x4)
                0x24000060                        _edata = .

.igot.plt       0x24000060        0x0 load address 0x08028828
 .igot.plt      0x24000060        0x0 C:/ST/STM32CubeIDE_1.18.0/STM32CubeIDE/plugins/com.st.stm32cube.ide.mcu.externaltools.gnu-tools-for-stm32.13.3.rel1.win32_1.0.0.202411081344/tools/bin/../lib/gcc/arm-none-eabi/13.3.1/thumb/v7e-m+dp/hard/crtbegin.o

.dma_buffer     0x24000060     0x8190 load address 0x08028828
 .dma_buffer    0x24000060     0x8190 ./Core/Src/main.o
                0x24000060                unAdcBuff
                0x240081f0                        . = ALIGN (0x4)

.bss            0x240081f0    0x248d0 load address 0x080309b8
                0x240081f0                        _sbss = .
                0x240081f0                        __bss_start__ = _sbss
 *(.bss)
 .bss           0x240081f0       0x1c C:/ST/STM32CubeIDE_1.18.0/STM32CubeIDE/plugins/com.st.stm32cube.ide.mcu.externaltools.gnu-tools-for-stm32.13.3.rel1.win32_1.0.0.202411081344/tools/bin/../lib/gcc/arm-none-eabi/13.3.1/thumb/v7e-m+dp/hard/crtbegin.o
 *(.bss*)
 .bss.fFftInBuff
                0x2400820c     0x2000 ./Core/Src/fft.o
                0x2400820c                fFftInBuff
 .bss.fFftOutBuff
                0x2400a20c     0x8000 ./Core/Src/fft.o
                0x2400a20c                fFftOutBuff
 .bss.fMagPowerBuff
                0x2401220c     0x4000 ./Core/Src/fft.o
                0x2401220c                fMagPowerBuff
 .bss.fft_handler
                0x2401620c       0x18 ./Core/Src/fft.o
                0x2401620c                fft_handler
 .bss.usPumpOutBuff
                0x24016224        0xc ./Core/Src/fft.o
                0x24016224                usPumpOutBuff
 .bss.usErrDectBuff
                0x24016230        0xc ./Core/Src/fft.o
                0x24016230                usErrDectBuff
 .bss.usTimeContinue100msBuff
                0x2401623c        0x8 ./Core/Src/fft.o
                0x2401623c                usTimeContinue100msBuff
 .bss.usTimeDetect100msBuff
                0x24016244        0x8 ./Core/Src/fft.o
                0x24016244                usTimeDetect100msBuff
 .bss.ucMagPowerUpFlag
                0x2401624c        0x1 ./Core/Src/fft.o
                0x2401624c                ucMagPowerUpFlag
 *fill*         0x2401624d        0x3 
 .bss.nMagPowerSumData
                0x24016250        0x4 ./Core/Src/fft.o
                0x24016250                nMagPowerSumData
 .bss.usMagPowerPeakDetectCnt
                0x24016254        0x8 ./Core/Src/fft.o
                0x24016254                usMagPowerPeakDetectCnt
 .bss.usMagPowerPeakDetectBuff
                0x2401625c     0x4000 ./Core/Src/fft.o
                0x2401625c                usMagPowerPeakDetectBuff
 .bss.nMagPowerSumBuff
                0x2401a25c       0x14 ./Core/Src/fft.o
                0x2401a25c                nMagPowerSumBuff
 .bss.usMagPowerSumInx
                0x2401a270        0x2 ./Core/Src/fft.o
                0x2401a270                usMagPowerSumInx
 .bss.usUart3RxIdleMs
                0x2401a272        0x2 ./Core/Src/hardware.o
                0x2401a272                usUart3RxIdleMs
 .bss.usUart3TxIdleMs
                0x2401a274        0x2 ./Core/Src/hardware.o
                0x2401a274                usUart3TxIdleMs
 *fill*         0x2401a276        0x2 
 .bss.unTimer1MsTicks
                0x2401a278        0x4 ./Core/Src/hardware.o
                0x2401a278                unTimer1MsTicks
 .bss.unSWCount1MsTicks
                0x2401a27c        0x4 ./Core/Src/hardware.o
                0x2401a27c                unSWCount1MsTicks
 .bss.ucSW_Input
                0x2401a280        0x4 ./Core/Src/hardware.o
                0x2401a280                ucSW_Input
 .bss.ucDIP_SW  0x2401a284        0x1 ./Core/Src/hardware.o
                0x2401a284                ucDIP_SW
 *fill*         0x2401a285        0x3 
 .bss.hadc1     0x2401a288       0x64 ./Core/Src/main.o
                0x2401a288                hadc1
 .bss.hdma_adc1
                0x2401a2ec       0x78 ./Core/Src/main.o
                0x2401a2ec                hdma_adc1
 .bss.hqspi     0x2401a364       0x4c ./Core/Src/main.o
                0x2401a364                hqspi
 .bss.hsd1      0x2401a3b0       0x7c ./Core/Src/main.o
                0x2401a3b0                hsd1
 .bss.htim6     0x2401a42c       0x4c ./Core/Src/main.o
                0x2401a42c                htim6
 .bss.htim7     0x2401a478       0x4c ./Core/Src/main.o
                0x2401a478                htim7
 .bss.huart1    0x2401a4c4       0x94 ./Core/Src/main.o
                0x2401a4c4                huart1
 .bss.huart3    0x2401a558       0x94 ./Core/Src/main.o
                0x2401a558                huart3
 .bss.ucAdcSuccess
                0x2401a5ec        0x1 ./Core/Src/main.o
                0x2401a5ec                ucAdcSuccess
 .bss.ucAdcCurrIndex
                0x2401a5ed        0x1 ./Core/Src/main.o
                0x2401a5ed                ucAdcCurrIndex
 .bss.ucAdcConvIndex
                0x2401a5ee        0x1 ./Core/Src/main.o